[2026-09-14T17:05:01.507+0000] {local_task_job_runner.py:120} INFO - ::group::Pre task execution logs
[2026-09-14T17:05:01.536+0000] {taskinstance.py:2073} INFO - Dependencies all met for dep_context=non-requeueable deps ti=<TaskInstance: fraud_pipeline.clean manual__2026-09-14T17:05:00.259261+00:00 [queued]>
[2026-09-14T17:05:01.543+0000] {taskinstance.py:2073} INFO - Dependencies all met for dep_context=requeueable deps ti=<TaskInstance: fraud_pipeline.clean manual__2026-09-14T17:05:00.259261+00:00 [queued]>
[2026-09-14T17:05:01.544+0000] {taskinstance.py:2303} INFO - Starting attempt 1 of 1
[2026-09-14T17:05:01.553+0000] {taskinstance.py:2327} INFO - Executing <Task(_PythonDecoratedOperator): clean> on 2026-09-14 17:05:00.259261+00:00
[2026-09-14T17:05:01.559+0000] {standard_task_runner.py:90} INFO - Running: ['airflow', 'tasks', 'run', 'fraud_pipeline', 'clean', 'manual__2026-09-14T17:05:00.259261+00:00', '--job-id', '3', '--raw', '--subdir', 'DAGS_FOLDER/fraud_pipeline_dag.py', '--cfg-path', '/tmp/tmp5im389_4']
[2026-09-14T17:05:01.561+0000] {logging_mixin.py:188} WARNING - /home/airflow/.local/lib/python3.12/site-packages/airflow/task/task_runner/standard_task_runner.py:61 DeprecationWarning: This process (pid=200) is multi-threaded, use of fork() may lead to deadlocks in the child.
[2026-09-14T17:05:01.562+0000] {standard_task_runner.py:91} INFO - Job 3: Subtask clean
[2026-09-14T17:05:01.562+0000] {standard_task_runner.py:63} INFO - Started process 201 to run task
[2026-09-14T17:05:01.617+0000] {task_command.py:426} INFO - Running <TaskInstance: fraud_pipeline.clean manual__2026-09-14T17:05:00.259261+00:00 [running]> on host 82a0cdcd07c0
[2026-09-14T17:05:01.708+0000] {taskinstance.py:2644} INFO - Exporting env vars: AIRFLOW_CTX_DAG_OWNER='airflow' AIRFLOW_CTX_DAG_ID='fraud_pipeline' AIRFLOW_CTX_TASK_ID='clean' AIRFLOW_CTX_EXECUTION_DATE='2026-09-14T17:05:00.259261+00:00' AIRFLOW_CTX_TRY_NUMBER='1' AIRFLOW_CTX_DAG_RUN_ID='manual__2026-09-14T17:05:00.259261+00:00'
[2026-09-14T17:05:01.710+0000] {taskinstance.py:430} INFO - ::endgroup::
[2026-09-14T17:05:02.817+0000] {logging_mixin.py:188} INFO - 2026-09-14 17:05:02 [INFO] src.cleaning.clean — Extraindo df_fraud_credit.zip...
[2026-09-14T17:05:02.817+0000] {clean.py:33} INFO - Extraindo df_fraud_credit.zip...
[2026-09-14T17:05:04.807+0000] {logging_mixin.py:188} INFO - 2026-09-14 17:05:04 [INFO] src.cleaning.clean — Arquivo(s) extraído(s): df_fraud_credit.csv
[2026-09-14T17:05:04.807+0000] {clean.py:50} INFO - Arquivo(s) extraído(s): df_fraud_credit.csv
[2026-09-14T17:05:04.808+0000] {logging_mixin.py:188} INFO - 2026-09-14 17:05:04 [INFO] src.cleaning.clean — Extração concluída.
[2026-09-14T17:05:04.808+0000] {clean.py:51} INFO - Extração concluída.
[2026-09-14T17:05:07.098+0000] {logging_mixin.py:188} INFO - 2026-09-14 17:05:07 [INFO] src.cleaning.clean — 1,048,575 registros carregados.
[2026-09-14T17:05:07.098+0000] {clean.py:62} INFO - 1,048,575 registros carregados.
[2026-09-14T17:05:07.763+0000] {logging_mixin.py:188} INFO - 2026-09-14 17:05:07 [INFO] src.cleaning.clean — dq_flag_amount:     5,641 registros
[2026-09-14T17:05:07.763+0000] {clean.py:95} INFO - dq_flag_amount:     5,641 registros
[2026-09-14T17:05:07.765+0000] {logging_mixin.py:188} INFO - 2026-09-14 17:05:07 [INFO] src.cleaning.clean — dq_flag_risk_score: 5,695 registros
[2026-09-14T17:05:07.764+0000] {clean.py:96} INFO - dq_flag_risk_score: 5,695 registros
[2026-09-14T17:05:07.766+0000] {logging_mixin.py:188} INFO - 2026-09-14 17:05:07 [INFO] src.cleaning.clean — dq_flag_region:     5,795 registros
[2026-09-14T17:05:07.766+0000] {clean.py:97} INFO - dq_flag_region:     5,795 registros
[2026-09-14T17:05:08.476+0000] {logging_mixin.py:188} INFO - 2026-09-14 17:05:08 [INFO] src.cleaning.clean — 1 duplicata(s) removida(s).
[2026-09-14T17:05:08.475+0000] {clean.py:129} INFO - 1 duplicata(s) removida(s).
[2026-09-14T17:05:08.960+0000] {logging_mixin.py:188} INFO - 2026-09-14 17:05:08 [ERROR] src.cleaning.clean — Erro inesperado ao salvar Silver.
Traceback (most recent call last):
  File "/home/airflow/.local/lib/python3.12/site-packages/fsspec/registry.py", line 236, in get_filesystem_class
    register_implementation(protocol, _import_class(bit["class"]))
                                      ^^^^^^^^^^^^^^^^^^^^^^^^^^^
  File "/home/airflow/.local/lib/python3.12/site-packages/fsspec/registry.py", line 271, in _import_class
    mod = importlib.import_module(mod)
          ^^^^^^^^^^^^^^^^^^^^^^^^^^^^
  File "/usr/local/lib/python3.12/importlib/__init__.py", line 90, in import_module
    return _bootstrap._gcd_import(name[level:], package, level)
           ^^^^^^^^^^^^^^^^^^^^^^^^^^^^^^^^^^^^^^^^^^^^^^^^^^^^
  File "<frozen importlib._bootstrap>", line 1387, in _gcd_import
  File "<frozen importlib._bootstrap>", line 1360, in _find_and_load
  File "<frozen importlib._bootstrap>", line 1324, in _find_and_load_unlocked
ModuleNotFoundError: No module named 's3fs'

The above exception was the direct cause of the following exception:

Traceback (most recent call last):
  File "/opt/airflow/src/cleaning/clean.py", line 144, in save_silver
    df.to_parquet(output_path, index=False, engine="pyarrow",storage_options=get_storage_options())
  File "/home/airflow/.local/lib/python3.12/site-packages/pandas/core/frame.py", line 2970, in to_parquet
    return to_parquet(
           ^^^^^^^^^^^
  File "/home/airflow/.local/lib/python3.12/site-packages/pandas/io/parquet.py", line 483, in to_parquet
    impl.write(
  File "/home/airflow/.local/lib/python3.12/site-packages/pandas/io/parquet.py", line 197, in write
    path_or_handle, handles, filesystem = _get_path_or_handle(
                                          ^^^^^^^^^^^^^^^^^^^^
  File "/home/airflow/.local/lib/python3.12/site-packages/pandas/io/parquet.py", line 121, in _get_path_or_handle
    fs, path_or_handle = fsspec.core.url_to_fs(
                         ^^^^^^^^^^^^^^^^^^^^^^
  File "/home/airflow/.local/lib/python3.12/site-packages/fsspec/core.py", line 383, in url_to_fs
    chain = _un_chain(url, kwargs)
            ^^^^^^^^^^^^^^^^^^^^^^
  File "/home/airflow/.local/lib/python3.12/site-packages/fsspec/core.py", line 332, in _un_chain
    cls = get_filesystem_class(protocol)
          ^^^^^^^^^^^^^^^^^^^^^^^^^^^^^^
  File "/home/airflow/.local/lib/python3.12/site-packages/fsspec/registry.py", line 238, in get_filesystem_class
    raise ImportError(bit["err"]) from e
ImportError: Install s3fs to access S3
[2026-09-14T17:05:08.956+0000] {clean.py:153} ERROR - Erro inesperado ao salvar Silver.
Traceback (most recent call last):
  File "/home/airflow/.local/lib/python3.12/site-packages/fsspec/registry.py", line 236, in get_filesystem_class
    register_implementation(protocol, _import_class(bit["class"]))
                                      ^^^^^^^^^^^^^^^^^^^^^^^^^^^
  File "/home/airflow/.local/lib/python3.12/site-packages/fsspec/registry.py", line 271, in _import_class
    mod = importlib.import_module(mod)
          ^^^^^^^^^^^^^^^^^^^^^^^^^^^^
  File "/usr/local/lib/python3.12/importlib/__init__.py", line 90, in import_module
    return _bootstrap._gcd_import(name[level:], package, level)
           ^^^^^^^^^^^^^^^^^^^^^^^^^^^^^^^^^^^^^^^^^^^^^^^^^^^^
  File "<frozen importlib._bootstrap>", line 1387, in _gcd_import
  File "<frozen importlib._bootstrap>", line 1360, in _find_and_load
  File "<frozen importlib._bootstrap>", line 1324, in _find_and_load_unlocked
ModuleNotFoundError: No module named 's3fs'

The above exception was the direct cause of the following exception:

Traceback (most recent call last):
  File "/opt/airflow/src/cleaning/clean.py", line 144, in save_silver
    df.to_parquet(output_path, index=False, engine="pyarrow",storage_options=get_storage_options())
  File "/home/airflow/.local/lib/python3.12/site-packages/pandas/core/frame.py", line 2970, in to_parquet
    return to_parquet(
           ^^^^^^^^^^^
  File "/home/airflow/.local/lib/python3.12/site-packages/pandas/io/parquet.py", line 483, in to_parquet
    impl.write(
  File "/home/airflow/.local/lib/python3.12/site-packages/pandas/io/parquet.py", line 197, in write
    path_or_handle, handles, filesystem = _get_path_or_handle(
                                          ^^^^^^^^^^^^^^^^^^^^
  File "/home/airflow/.local/lib/python3.12/site-packages/pandas/io/parquet.py", line 121, in _get_path_or_handle
    fs, path_or_handle = fsspec.core.url_to_fs(
                         ^^^^^^^^^^^^^^^^^^^^^^
  File "/home/airflow/.local/lib/python3.12/site-packages/fsspec/core.py", line 383, in url_to_fs
    chain = _un_chain(url, kwargs)
            ^^^^^^^^^^^^^^^^^^^^^^
  File "/home/airflow/.local/lib/python3.12/site-packages/fsspec/core.py", line 332, in _un_chain
    cls = get_filesystem_class(protocol)
          ^^^^^^^^^^^^^^^^^^^^^^^^^^^^^^
  File "/home/airflow/.local/lib/python3.12/site-packages/fsspec/registry.py", line 238, in get_filesystem_class
    raise ImportError(bit["err"]) from e
ImportError: Install s3fs to access S3
[2026-09-14T17:05:08.961+0000] {taskinstance.py:441} INFO - ::group::Post task execution logs
[2026-09-14T17:05:08.961+0000] {taskinstance.py:2890} ERROR - Task failed with exception
Traceback (most recent call last):
  File "/home/airflow/.local/lib/python3.12/site-packages/fsspec/registry.py", line 236, in get_filesystem_class
    register_implementation(protocol, _import_class(bit["class"]))
                                      ^^^^^^^^^^^^^^^^^^^^^^^^^^^
  File "/home/airflow/.local/lib/python3.12/site-packages/fsspec/registry.py", line 271, in _import_class
    mod = importlib.import_module(mod)
          ^^^^^^^^^^^^^^^^^^^^^^^^^^^^
  File "/usr/local/lib/python3.12/importlib/__init__.py", line 90, in import_module
    return _bootstrap._gcd_import(name[level:], package, level)
           ^^^^^^^^^^^^^^^^^^^^^^^^^^^^^^^^^^^^^^^^^^^^^^^^^^^^
  File "<frozen importlib._bootstrap>", line 1387, in _gcd_import
  File "<frozen importlib._bootstrap>", line 1360, in _find_and_load
  File "<frozen importlib._bootstrap>", line 1324, in _find_and_load_unlocked
ModuleNotFoundError: No module named 's3fs'

The above exception was the direct cause of the following exception:

Traceback (most recent call last):
  File "/home/airflow/.local/lib/python3.12/site-packages/airflow/models/taskinstance.py", line 465, in _execute_task
    result = _execute_callable(context=context, **execute_callable_kwargs)
             ^^^^^^^^^^^^^^^^^^^^^^^^^^^^^^^^^^^^^^^^^^^^^^^^^^^^^^^^^^^^^
  File "/home/airflow/.local/lib/python3.12/site-packages/airflow/models/taskinstance.py", line 432, in _execute_callable
    return execute_callable(context=context, **execute_callable_kwargs)
           ^^^^^^^^^^^^^^^^^^^^^^^^^^^^^^^^^^^^^^^^^^^^^^^^^^^^^^^^^^^^
  File "/home/airflow/.local/lib/python3.12/site-packages/airflow/models/baseoperator.py", line 400, in wrapper
    return func(self, *args, **kwargs)
           ^^^^^^^^^^^^^^^^^^^^^^^^^^^
  File "/home/airflow/.local/lib/python3.12/site-packages/airflow/decorators/base.py", line 265, in execute
    return_value = super().execute(context)
                   ^^^^^^^^^^^^^^^^^^^^^^^^
  File "/home/airflow/.local/lib/python3.12/site-packages/airflow/models/baseoperator.py", line 400, in wrapper
    return func(self, *args, **kwargs)
           ^^^^^^^^^^^^^^^^^^^^^^^^^^^
  File "/home/airflow/.local/lib/python3.12/site-packages/airflow/operators/python.py", line 235, in execute
    return_value = self.execute_callable()
                   ^^^^^^^^^^^^^^^^^^^^^^^
  File "/home/airflow/.local/lib/python3.12/site-packages/airflow/operators/python.py", line 252, in execute_callable
    return self.python_callable(*self.op_args, **self.op_kwargs)
           ^^^^^^^^^^^^^^^^^^^^^^^^^^^^^^^^^^^^^^^^^^^^^^^^^^^^^
  File "/opt/airflow/dags/fraud_pipeline_dag.py", line 17, in clean
    run_clean()
  File "/opt/airflow/src/cleaning/clean.py", line 166, in clean
    save_silver(df,silver_folder)
  File "/opt/airflow/src/cleaning/clean.py", line 144, in save_silver
    df.to_parquet(output_path, index=False, engine="pyarrow",storage_options=get_storage_options())
  File "/home/airflow/.local/lib/python3.12/site-packages/pandas/core/frame.py", line 2970, in to_parquet
    return to_parquet(
           ^^^^^^^^^^^
  File "/home/airflow/.local/lib/python3.12/site-packages/pandas/io/parquet.py", line 483, in to_parquet
    impl.write(
  File "/home/airflow/.local/lib/python3.12/site-packages/pandas/io/parquet.py", line 197, in write
    path_or_handle, handles, filesystem = _get_path_or_handle(
                                          ^^^^^^^^^^^^^^^^^^^^
  File "/home/airflow/.local/lib/python3.12/site-packages/pandas/io/parquet.py", line 121, in _get_path_or_handle
    fs, path_or_handle = fsspec.core.url_to_fs(
                         ^^^^^^^^^^^^^^^^^^^^^^
  File "/home/airflow/.local/lib/python3.12/site-packages/fsspec/core.py", line 383, in url_to_fs
    chain = _un_chain(url, kwargs)
            ^^^^^^^^^^^^^^^^^^^^^^
  File "/home/airflow/.local/lib/python3.12/site-packages/fsspec/core.py", line 332, in _un_chain
    cls = get_filesystem_class(protocol)
          ^^^^^^^^^^^^^^^^^^^^^^^^^^^^^^
  File "/home/airflow/.local/lib/python3.12/site-packages/fsspec/registry.py", line 238, in get_filesystem_class
    raise ImportError(bit["err"]) from e
ImportError: Install s3fs to access S3
[2026-09-14T17:05:08.973+0000] {taskinstance.py:1205} INFO - Marking task as FAILED. dag_id=fraud_pipeline, task_id=clean, execution_date=20260914T170500, start_date=20260914T170501, end_date=20260914T170508
[2026-09-14T17:05:08.986+0000] {standard_task_runner.py:110} ERROR - Failed to execute job 3 for task clean (Install s3fs to access S3; 201)
[2026-09-14T17:05:09.031+0000] {local_task_job_runner.py:240} INFO - Task exited with return code 1
[2026-09-14T17:05:09.053+0000] {taskinstance.py:3482} INFO - 0 downstream tasks scheduled from follow-on schedule check
[2026-09-14T17:05:09.056+0000] {local_task_job_runner.py:222} INFO - ::endgroup::
