[2026-09-15T14:18:27.292+0000] {local_task_job_runner.py:120} INFO - ::group::Pre task execution logs
[2026-09-15T14:18:27.331+0000] {taskinstance.py:2073} INFO - Dependencies all met for dep_context=non-requeueable deps ti=<TaskInstance: fraud_pipeline.clean manual__2026-09-15T14:18:26.503642+00:00 [queued]>
[2026-09-15T14:18:27.344+0000] {taskinstance.py:2073} INFO - Dependencies all met for dep_context=requeueable deps ti=<TaskInstance: fraud_pipeline.clean manual__2026-09-15T14:18:26.503642+00:00 [queued]>
[2026-09-15T14:18:27.345+0000] {taskinstance.py:2303} INFO - Starting attempt 1 of 1
[2026-09-15T14:18:27.361+0000] {taskinstance.py:2327} INFO - Executing <Task(_PythonDecoratedOperator): clean> on 2026-09-15 14:18:26.503642+00:00
[2026-09-15T14:18:27.372+0000] {logging_mixin.py:188} WARNING - /home/airflow/.local/lib/python3.12/site-packages/airflow/task/task_runner/standard_task_runner.py:61 DeprecationWarning: This process (pid=178) is multi-threaded, use of fork() may lead to deadlocks in the child.
[2026-09-15T14:18:27.369+0000] {standard_task_runner.py:90} INFO - Running: ['airflow', 'tasks', 'run', 'fraud_pipeline', 'clean', 'manual__2026-09-15T14:18:26.503642+00:00', '--job-id', '2', '--raw', '--subdir', 'DAGS_FOLDER/fraud_pipeline_dag.py', '--cfg-path', '/tmp/tmpocf0gtch']
[2026-09-15T14:18:27.373+0000] {standard_task_runner.py:91} INFO - Job 2: Subtask clean
[2026-09-15T14:18:27.373+0000] {standard_task_runner.py:63} INFO - Started process 179 to run task
[2026-09-15T14:18:27.451+0000] {task_command.py:426} INFO - Running <TaskInstance: fraud_pipeline.clean manual__2026-09-15T14:18:26.503642+00:00 [running]> on host 8b9c2ac1ac4f
[2026-09-15T14:18:27.601+0000] {taskinstance.py:2644} INFO - Exporting env vars: AIRFLOW_CTX_DAG_OWNER='airflow' AIRFLOW_CTX_DAG_ID='fraud_pipeline' AIRFLOW_CTX_TASK_ID='clean' AIRFLOW_CTX_EXECUTION_DATE='2026-09-15T14:18:26.503642+00:00' AIRFLOW_CTX_TRY_NUMBER='1' AIRFLOW_CTX_DAG_RUN_ID='manual__2026-09-15T14:18:26.503642+00:00'
[2026-09-15T14:18:27.603+0000] {taskinstance.py:430} INFO - ::endgroup::
[2026-09-15T14:18:27.796+0000] {logging_mixin.py:188} INFO - 2026-09-15 14:18:27 [INFO] src.cleaning.clean — Extraindo df_fraud_credit.zip...
[2026-09-15T14:18:27.796+0000] {clean.py:17} INFO - Extraindo df_fraud_credit.zip...
[2026-09-15T14:18:30.435+0000] {logging_mixin.py:188} INFO - 2026-09-15 14:18:30 [INFO] src.cleaning.clean — Arquivo(s) extraído(s): df_fraud_credit.csv
[2026-09-15T14:18:30.435+0000] {clean.py:33} INFO - Arquivo(s) extraído(s): df_fraud_credit.csv
[2026-09-15T14:18:30.437+0000] {logging_mixin.py:188} INFO - 2026-09-15 14:18:30 [INFO] src.cleaning.clean — Extração concluída.
[2026-09-15T14:18:30.437+0000] {clean.py:34} INFO - Extração concluída.
[2026-09-15T14:18:40.430+0000] {logging_mixin.py:188} INFO - 2026-09-15 14:18:40 [INFO] src.cleaning.clean — 1,048,575 registros carregados.
[2026-09-15T14:18:40.429+0000] {clean.py:108} INFO - 1,048,575 registros carregados.
[2026-09-15T14:18:42.005+0000] {logging_mixin.py:188} INFO - 2026-09-15 14:18:42 [INFO] src.cleaning.clean — dq_flag_amount:     5,641 registros
[2026-09-15T14:18:42.005+0000] {clean.py:118} INFO - dq_flag_amount:     5,641 registros
[2026-09-15T14:18:42.006+0000] {logging_mixin.py:188} INFO - 2026-09-15 14:18:42 [INFO] src.cleaning.clean — dq_flag_risk_score: 5,695 registros
[2026-09-15T14:18:42.005+0000] {clean.py:119} INFO - dq_flag_risk_score: 5,695 registros
[2026-09-15T14:18:42.006+0000] {logging_mixin.py:188} INFO - 2026-09-15 14:18:42 [INFO] src.cleaning.clean — dq_flag_region:     5,795 registros
[2026-09-15T14:18:42.006+0000] {clean.py:120} INFO - dq_flag_region:     5,795 registros
[2026-09-15T14:18:46.430+0000] {logging_mixin.py:188} INFO - 2026-09-15 14:18:46 [INFO] src.cleaning.clean — 1 duplicata(s) removida(s). 1,048,574 registros salvos.
[2026-09-15T14:18:46.429+0000] {clean.py:126} INFO - 1 duplicata(s) removida(s). 1,048,574 registros salvos.
[2026-09-15T14:18:55.168+0000] {logging_mixin.py:188} INFO - 2026-09-15 14:18:55 [INFO] src.cleaning.clean — Salvo em: s3a://silver/transactions_clean.parquet
[2026-09-15T14:18:55.168+0000] {clean.py:129} INFO - Salvo em: s3a://silver/transactions_clean.parquet
[2026-09-15T14:18:55.169+0000] {python.py:237} INFO - Done. Returned value was: None
[2026-09-15T14:18:55.170+0000] {taskinstance.py:441} INFO - ::group::Post task execution logs
[2026-09-15T14:18:55.184+0000] {taskinstance.py:1205} INFO - Marking task as SUCCESS. dag_id=fraud_pipeline, task_id=clean, execution_date=20260915T141826, start_date=20260915T141827, end_date=20260915T141855
[2026-09-15T14:18:55.218+0000] {local_task_job_runner.py:240} INFO - Task exited with return code 0
[2026-09-15T14:18:55.265+0000] {taskinstance.py:3482} INFO - 1 downstream tasks scheduled from follow-on schedule check
[2026-09-15T14:18:55.268+0000] {local_task_job_runner.py:222} INFO - ::endgroup::
