[2026-09-15T14:19:08.715+0000] {local_task_job_runner.py:120} INFO - ::group::Pre task execution logs
[2026-09-15T14:19:08.736+0000] {taskinstance.py:2073} INFO - Dependencies all met for dep_context=non-requeueable deps ti=<TaskInstance: fraud_pipeline.risk_region manual__2026-09-15T14:18:26.503642+00:00 [queued]>
[2026-09-15T14:19:08.744+0000] {taskinstance.py:2073} INFO - Dependencies all met for dep_context=requeueable deps ti=<TaskInstance: fraud_pipeline.risk_region manual__2026-09-15T14:18:26.503642+00:00 [queued]>
[2026-09-15T14:19:08.744+0000] {taskinstance.py:2303} INFO - Starting attempt 1 of 1
[2026-09-15T14:19:08.764+0000] {taskinstance.py:2327} INFO - Executing <Task(_PythonDecoratedOperator): risk_region> on 2026-09-15 14:18:26.503642+00:00
[2026-09-15T14:19:08.772+0000] {standard_task_runner.py:90} INFO - Running: ['airflow', 'tasks', 'run', 'fraud_pipeline', 'risk_region', 'manual__2026-09-15T14:18:26.503642+00:00', '--job-id', '4', '--raw', '--subdir', 'DAGS_FOLDER/fraud_pipeline_dag.py', '--cfg-path', '/tmp/tmppf2vs24a']
[2026-09-15T14:19:08.774+0000] {standard_task_runner.py:91} INFO - Job 4: Subtask risk_region
[2026-09-15T14:19:08.775+0000] {logging_mixin.py:188} WARNING - /home/airflow/.local/lib/python3.12/site-packages/airflow/task/task_runner/standard_task_runner.py:61 DeprecationWarning: This process (pid=812) is multi-threaded, use of fork() may lead to deadlocks in the child.
[2026-09-15T14:19:08.775+0000] {standard_task_runner.py:63} INFO - Started process 814 to run task
[2026-09-15T14:19:08.831+0000] {task_command.py:426} INFO - Running <TaskInstance: fraud_pipeline.risk_region manual__2026-09-15T14:18:26.503642+00:00 [running]> on host 8b9c2ac1ac4f
[2026-09-15T14:19:08.920+0000] {taskinstance.py:2644} INFO - Exporting env vars: AIRFLOW_CTX_DAG_OWNER='airflow' AIRFLOW_CTX_DAG_ID='fraud_pipeline' AIRFLOW_CTX_TASK_ID='risk_region' AIRFLOW_CTX_EXECUTION_DATE='2026-09-15T14:18:26.503642+00:00' AIRFLOW_CTX_TRY_NUMBER='1' AIRFLOW_CTX_DAG_RUN_ID='manual__2026-09-15T14:18:26.503642+00:00'
[2026-09-15T14:19:08.921+0000] {taskinstance.py:430} INFO - ::endgroup::
[2026-09-15T14:19:24.580+0000] {logging_mixin.py:188} INFO - 2026-09-15 14:19:24 [INFO] src.transformation.risk_region — 1,048,574 registros lidos da camada Silver.
[2026-09-15T14:19:24.579+0000] {risk_region.py:29} INFO - 1,048,574 registros lidos da camada Silver.
[2026-09-15T14:19:29.782+0000] {logging_mixin.py:188} INFO - 2026-09-15 14:19:29 [INFO] src.transformation.risk_region — Salvo em: s3a://gold/risk_region.parquet
[2026-09-15T14:19:29.782+0000] {risk_region.py:35} INFO - Salvo em: s3a://gold/risk_region.parquet
[2026-09-15T14:19:29.784+0000] {python.py:237} INFO - Done. Returned value was: None
[2026-09-15T14:19:29.784+0000] {taskinstance.py:441} INFO - ::group::Post task execution logs
[2026-09-15T14:19:29.817+0000] {taskinstance.py:1205} INFO - Marking task as SUCCESS. dag_id=fraud_pipeline, task_id=risk_region, execution_date=20260915T141826, start_date=20260915T141908, end_date=20260915T141929
[2026-09-15T14:19:29.882+0000] {local_task_job_runner.py:240} INFO - Task exited with return code 0
[2026-09-15T14:19:29.926+0000] {taskinstance.py:3482} INFO - 0 downstream tasks scheduled from follow-on schedule check
[2026-09-15T14:19:29.933+0000] {local_task_job_runner.py:222} INFO - ::endgroup::
