[2026-09-15T14:19:08.719+0000] {local_task_job_runner.py:120} INFO - ::group::Pre task execution logs
[2026-09-15T14:19:08.749+0000] {taskinstance.py:2073} INFO - Dependencies all met for dep_context=non-requeueable deps ti=<TaskInstance: fraud_pipeline.top_addresses manual__2026-09-15T14:18:26.503642+00:00 [queued]>
[2026-09-15T14:19:08.756+0000] {taskinstance.py:2073} INFO - Dependencies all met for dep_context=requeueable deps ti=<TaskInstance: fraud_pipeline.top_addresses manual__2026-09-15T14:18:26.503642+00:00 [queued]>
[2026-09-15T14:19:08.763+0000] {taskinstance.py:2303} INFO - Starting attempt 1 of 1
[2026-09-15T14:19:08.781+0000] {taskinstance.py:2327} INFO - Executing <Task(_PythonDecoratedOperator): top_addresses> on 2026-09-15 14:18:26.503642+00:00
[2026-09-15T14:19:08.797+0000] {standard_task_runner.py:90} INFO - Running: ['airflow', 'tasks', 'run', 'fraud_pipeline', 'top_addresses', 'manual__2026-09-15T14:18:26.503642+00:00', '--job-id', '5', '--raw', '--subdir', 'DAGS_FOLDER/fraud_pipeline_dag.py', '--cfg-path', '/tmp/tmphbmp2njl']
[2026-09-15T14:19:08.799+0000] {logging_mixin.py:188} WARNING - /home/airflow/.local/lib/python3.12/site-packages/airflow/task/task_runner/standard_task_runner.py:61 DeprecationWarning: This process (pid=813) is multi-threaded, use of fork() may lead to deadlocks in the child.
[2026-09-15T14:19:08.799+0000] {standard_task_runner.py:91} INFO - Job 5: Subtask top_addresses
[2026-09-15T14:19:08.799+0000] {standard_task_runner.py:63} INFO - Started process 815 to run task
[2026-09-15T14:19:08.862+0000] {task_command.py:426} INFO - Running <TaskInstance: fraud_pipeline.top_addresses manual__2026-09-15T14:18:26.503642+00:00 [running]> on host 8b9c2ac1ac4f
[2026-09-15T14:19:08.961+0000] {taskinstance.py:2644} INFO - Exporting env vars: AIRFLOW_CTX_DAG_OWNER='airflow' AIRFLOW_CTX_DAG_ID='fraud_pipeline' AIRFLOW_CTX_TASK_ID='top_addresses' AIRFLOW_CTX_EXECUTION_DATE='2026-09-15T14:18:26.503642+00:00' AIRFLOW_CTX_TRY_NUMBER='1' AIRFLOW_CTX_DAG_RUN_ID='manual__2026-09-15T14:18:26.503642+00:00'
[2026-09-15T14:19:08.962+0000] {taskinstance.py:430} INFO - ::endgroup::
[2026-09-15T14:19:24.454+0000] {logging_mixin.py:188} INFO - 2026-09-15 14:19:24 [INFO] src.transformation.top_addresses — 1,048,574 registros lidos da camada Silver.
[2026-09-15T14:19:24.453+0000] {top_addresses.py:45} INFO - 1,048,574 registros lidos da camada Silver.
[2026-09-15T14:19:30.653+0000] {logging_mixin.py:188} INFO - 2026-09-15 14:19:30 [INFO] src.transformation.top_addresses — Salvo em: s3a://gold/top_addresses.parquet
[2026-09-15T14:19:30.652+0000] {top_addresses.py:51} INFO - Salvo em: s3a://gold/top_addresses.parquet
[2026-09-15T14:19:30.662+0000] {python.py:237} INFO - Done. Returned value was: None
[2026-09-15T14:19:30.663+0000] {taskinstance.py:441} INFO - ::group::Post task execution logs
[2026-09-15T14:19:30.694+0000] {taskinstance.py:1205} INFO - Marking task as SUCCESS. dag_id=fraud_pipeline, task_id=top_addresses, execution_date=20260915T141826, start_date=20260915T141908, end_date=20260915T141930
[2026-09-15T14:19:30.769+0000] {local_task_job_runner.py:240} INFO - Task exited with return code 0
[2026-09-15T14:19:30.791+0000] {taskinstance.py:3482} INFO - 0 downstream tasks scheduled from follow-on schedule check
[2026-09-15T14:19:30.807+0000] {local_task_job_runner.py:222} INFO - ::endgroup::
