[2026-09-15T14:17:50.786+0000] {processor.py:161} INFO - Started process (PID=168) to work on /opt/airflow/dags/fraud_pipeline_dag.py
[2026-09-15T14:17:50.787+0000] {processor.py:830} INFO - Processing file /opt/airflow/dags/fraud_pipeline_dag.py for tasks to queue
[2026-09-15T14:17:50.789+0000] {logging_mixin.py:188} INFO - [2026-09-15T14:17:50.789+0000] {dagbag.py:540} INFO - Filling up the DagBag from /opt/airflow/dags/fraud_pipeline_dag.py
[2026-09-15T14:17:50.814+0000] {processor.py:840} INFO - DAG(s) 'fraud_pipeline' retrieved from /opt/airflow/dags/fraud_pipeline_dag.py
[2026-09-15T14:17:51.044+0000] {logging_mixin.py:188} INFO - [2026-09-15T14:17:51.044+0000] {override.py:1829} INFO - Created Permission View: can edit on DAG:fraud_pipeline
[2026-09-15T14:17:51.053+0000] {logging_mixin.py:188} INFO - [2026-09-15T14:17:51.053+0000] {override.py:1829} INFO - Created Permission View: can read on DAG:fraud_pipeline
[2026-09-15T14:17:51.060+0000] {logging_mixin.py:188} INFO - [2026-09-15T14:17:51.059+0000] {override.py:1829} INFO - Created Permission View: can delete on DAG:fraud_pipeline
[2026-09-15T14:17:51.060+0000] {logging_mixin.py:188} INFO - [2026-09-15T14:17:51.060+0000] {dag.py:3096} INFO - Sync 1 DAGs
[2026-09-15T14:17:51.071+0000] {logging_mixin.py:188} INFO - [2026-09-15T14:17:51.071+0000] {dag.py:3118} INFO - Creating ORM DAG for fraud_pipeline
[2026-09-15T14:17:51.072+0000] {logging_mixin.py:188} INFO - [2026-09-15T14:17:51.072+0000] {dag.py:3954} INFO - Setting next_dagrun for fraud_pipeline to None, run_after=None
[2026-09-15T14:17:51.091+0000] {processor.py:183} INFO - Processing /opt/airflow/dags/fraud_pipeline_dag.py took 0.311 seconds
[2026-09-15T14:18:21.259+0000] {processor.py:161} INFO - Started process (PID=173) to work on /opt/airflow/dags/fraud_pipeline_dag.py
[2026-09-15T14:18:21.260+0000] {processor.py:830} INFO - Processing file /opt/airflow/dags/fraud_pipeline_dag.py for tasks to queue
[2026-09-15T14:18:21.262+0000] {logging_mixin.py:188} INFO - [2026-09-15T14:18:21.262+0000] {dagbag.py:540} INFO - Filling up the DagBag from /opt/airflow/dags/fraud_pipeline_dag.py
[2026-09-15T14:18:21.276+0000] {processor.py:840} INFO - DAG(s) 'fraud_pipeline' retrieved from /opt/airflow/dags/fraud_pipeline_dag.py
[2026-09-15T14:18:21.307+0000] {logging_mixin.py:188} INFO - [2026-09-15T14:18:21.307+0000] {dag.py:3096} INFO - Sync 1 DAGs
[2026-09-15T14:18:21.329+0000] {logging_mixin.py:188} INFO - [2026-09-15T14:18:21.329+0000] {dag.py:3954} INFO - Setting next_dagrun for fraud_pipeline to None, run_after=None
[2026-09-15T14:18:21.350+0000] {processor.py:183} INFO - Processing /opt/airflow/dags/fraud_pipeline_dag.py took 0.097 seconds
[2026-09-15T14:18:51.599+0000] {processor.py:161} INFO - Started process (PID=443) to work on /opt/airflow/dags/fraud_pipeline_dag.py
[2026-09-15T14:18:51.606+0000] {processor.py:830} INFO - Processing file /opt/airflow/dags/fraud_pipeline_dag.py for tasks to queue
[2026-09-15T14:18:51.617+0000] {logging_mixin.py:188} INFO - [2026-09-15T14:18:51.615+0000] {dagbag.py:540} INFO - Filling up the DagBag from /opt/airflow/dags/fraud_pipeline_dag.py
[2026-09-15T14:18:51.706+0000] {processor.py:840} INFO - DAG(s) 'fraud_pipeline' retrieved from /opt/airflow/dags/fraud_pipeline_dag.py
[2026-09-15T14:18:51.809+0000] {logging_mixin.py:188} INFO - [2026-09-15T14:18:51.809+0000] {dag.py:3096} INFO - Sync 1 DAGs
[2026-09-15T14:18:51.848+0000] {logging_mixin.py:188} INFO - [2026-09-15T14:18:51.848+0000] {dag.py:3954} INFO - Setting next_dagrun for fraud_pipeline to None, run_after=None
[2026-09-15T14:18:51.904+0000] {processor.py:183} INFO - Processing /opt/airflow/dags/fraud_pipeline_dag.py took 0.353 seconds
[2026-09-15T14:19:22.513+0000] {processor.py:161} INFO - Started process (PID=1103) to work on /opt/airflow/dags/fraud_pipeline_dag.py
[2026-09-15T14:19:22.515+0000] {processor.py:830} INFO - Processing file /opt/airflow/dags/fraud_pipeline_dag.py for tasks to queue
[2026-09-15T14:19:22.517+0000] {logging_mixin.py:188} INFO - [2026-09-15T14:19:22.517+0000] {dagbag.py:540} INFO - Filling up the DagBag from /opt/airflow/dags/fraud_pipeline_dag.py
[2026-09-15T14:19:22.532+0000] {processor.py:840} INFO - DAG(s) 'fraud_pipeline' retrieved from /opt/airflow/dags/fraud_pipeline_dag.py
[2026-09-15T14:19:22.565+0000] {logging_mixin.py:188} INFO - [2026-09-15T14:19:22.565+0000] {dag.py:3096} INFO - Sync 1 DAGs
[2026-09-15T14:19:22.583+0000] {logging_mixin.py:188} INFO - [2026-09-15T14:19:22.582+0000] {dag.py:3954} INFO - Setting next_dagrun for fraud_pipeline to None, run_after=None
[2026-09-15T14:19:22.660+0000] {processor.py:183} INFO - Processing /opt/airflow/dags/fraud_pipeline_dag.py took 0.154 seconds
[2026-09-15T14:19:52.759+0000] {processor.py:161} INFO - Started process (PID=1330) to work on /opt/airflow/dags/fraud_pipeline_dag.py
[2026-09-15T14:19:52.760+0000] {processor.py:830} INFO - Processing file /opt/airflow/dags/fraud_pipeline_dag.py for tasks to queue
[2026-09-15T14:19:52.763+0000] {logging_mixin.py:188} INFO - [2026-09-15T14:19:52.763+0000] {dagbag.py:540} INFO - Filling up the DagBag from /opt/airflow/dags/fraud_pipeline_dag.py
[2026-09-15T14:19:52.781+0000] {processor.py:840} INFO - DAG(s) 'fraud_pipeline' retrieved from /opt/airflow/dags/fraud_pipeline_dag.py
[2026-09-15T14:19:52.813+0000] {logging_mixin.py:188} INFO - [2026-09-15T14:19:52.813+0000] {dag.py:3096} INFO - Sync 1 DAGs
[2026-09-15T14:19:52.832+0000] {logging_mixin.py:188} INFO - [2026-09-15T14:19:52.832+0000] {dag.py:3954} INFO - Setting next_dagrun for fraud_pipeline to None, run_after=None
[2026-09-15T14:19:52.856+0000] {processor.py:183} INFO - Processing /opt/airflow/dags/fraud_pipeline_dag.py took 0.102 seconds
[2026-09-15T14:20:23.043+0000] {processor.py:161} INFO - Started process (PID=1335) to work on /opt/airflow/dags/fraud_pipeline_dag.py
[2026-09-15T14:20:23.044+0000] {processor.py:830} INFO - Processing file /opt/airflow/dags/fraud_pipeline_dag.py for tasks to queue
[2026-09-15T14:20:23.045+0000] {logging_mixin.py:188} INFO - [2026-09-15T14:20:23.045+0000] {dagbag.py:540} INFO - Filling up the DagBag from /opt/airflow/dags/fraud_pipeline_dag.py
[2026-09-15T14:20:23.057+0000] {processor.py:840} INFO - DAG(s) 'fraud_pipeline' retrieved from /opt/airflow/dags/fraud_pipeline_dag.py
[2026-09-15T14:20:23.080+0000] {logging_mixin.py:188} INFO - [2026-09-15T14:20:23.080+0000] {dag.py:3096} INFO - Sync 1 DAGs
[2026-09-15T14:20:23.091+0000] {logging_mixin.py:188} INFO - [2026-09-15T14:20:23.091+0000] {dag.py:3954} INFO - Setting next_dagrun for fraud_pipeline to None, run_after=None
[2026-09-15T14:20:23.128+0000] {processor.py:183} INFO - Processing /opt/airflow/dags/fraud_pipeline_dag.py took 0.089 seconds
[2026-09-15T14:20:53.240+0000] {processor.py:161} INFO - Started process (PID=1340) to work on /opt/airflow/dags/fraud_pipeline_dag.py
[2026-09-15T14:20:53.241+0000] {processor.py:830} INFO - Processing file /opt/airflow/dags/fraud_pipeline_dag.py for tasks to queue
[2026-09-15T14:20:53.242+0000] {logging_mixin.py:188} INFO - [2026-09-15T14:20:53.242+0000] {dagbag.py:540} INFO - Filling up the DagBag from /opt/airflow/dags/fraud_pipeline_dag.py
[2026-09-15T14:20:53.255+0000] {processor.py:840} INFO - DAG(s) 'fraud_pipeline' retrieved from /opt/airflow/dags/fraud_pipeline_dag.py
[2026-09-15T14:20:53.285+0000] {logging_mixin.py:188} INFO - [2026-09-15T14:20:53.285+0000] {dag.py:3096} INFO - Sync 1 DAGs
[2026-09-15T14:20:53.296+0000] {logging_mixin.py:188} INFO - [2026-09-15T14:20:53.296+0000] {dag.py:3954} INFO - Setting next_dagrun for fraud_pipeline to None, run_after=None
[2026-09-15T14:20:53.311+0000] {processor.py:183} INFO - Processing /opt/airflow/dags/fraud_pipeline_dag.py took 0.075 seconds
[2026-09-15T14:21:23.441+0000] {processor.py:161} INFO - Started process (PID=1345) to work on /opt/airflow/dags/fraud_pipeline_dag.py
[2026-09-15T14:21:23.442+0000] {processor.py:830} INFO - Processing file /opt/airflow/dags/fraud_pipeline_dag.py for tasks to queue
[2026-09-15T14:21:23.444+0000] {logging_mixin.py:188} INFO - [2026-09-15T14:21:23.444+0000] {dagbag.py:540} INFO - Filling up the DagBag from /opt/airflow/dags/fraud_pipeline_dag.py
[2026-09-15T14:21:23.460+0000] {processor.py:840} INFO - DAG(s) 'fraud_pipeline' retrieved from /opt/airflow/dags/fraud_pipeline_dag.py
[2026-09-15T14:21:23.494+0000] {logging_mixin.py:188} INFO - [2026-09-15T14:21:23.493+0000] {dag.py:3096} INFO - Sync 1 DAGs
[2026-09-15T14:21:23.508+0000] {logging_mixin.py:188} INFO - [2026-09-15T14:21:23.508+0000] {dag.py:3954} INFO - Setting next_dagrun for fraud_pipeline to None, run_after=None
[2026-09-15T14:21:23.530+0000] {processor.py:183} INFO - Processing /opt/airflow/dags/fraud_pipeline_dag.py took 0.093 seconds
[2026-09-15T14:21:53.651+0000] {processor.py:161} INFO - Started process (PID=1350) to work on /opt/airflow/dags/fraud_pipeline_dag.py
[2026-09-15T14:21:53.652+0000] {processor.py:830} INFO - Processing file /opt/airflow/dags/fraud_pipeline_dag.py for tasks to queue
[2026-09-15T14:21:53.653+0000] {logging_mixin.py:188} INFO - [2026-09-15T14:21:53.653+0000] {dagbag.py:540} INFO - Filling up the DagBag from /opt/airflow/dags/fraud_pipeline_dag.py
[2026-09-15T14:21:53.666+0000] {processor.py:840} INFO - DAG(s) 'fraud_pipeline' retrieved from /opt/airflow/dags/fraud_pipeline_dag.py
[2026-09-15T14:21:53.691+0000] {logging_mixin.py:188} INFO - [2026-09-15T14:21:53.691+0000] {dag.py:3096} INFO - Sync 1 DAGs
[2026-09-15T14:21:53.704+0000] {logging_mixin.py:188} INFO - [2026-09-15T14:21:53.704+0000] {dag.py:3954} INFO - Setting next_dagrun for fraud_pipeline to None, run_after=None
[2026-09-15T14:21:53.718+0000] {processor.py:183} INFO - Processing /opt/airflow/dags/fraud_pipeline_dag.py took 0.072 seconds
[2026-09-15T14:22:23.898+0000] {processor.py:161} INFO - Started process (PID=1355) to work on /opt/airflow/dags/fraud_pipeline_dag.py
[2026-09-15T14:22:23.899+0000] {processor.py:830} INFO - Processing file /opt/airflow/dags/fraud_pipeline_dag.py for tasks to queue
[2026-09-15T14:22:23.900+0000] {logging_mixin.py:188} INFO - [2026-09-15T14:22:23.900+0000] {dagbag.py:540} INFO - Filling up the DagBag from /opt/airflow/dags/fraud_pipeline_dag.py
[2026-09-15T14:22:23.913+0000] {processor.py:840} INFO - DAG(s) 'fraud_pipeline' retrieved from /opt/airflow/dags/fraud_pipeline_dag.py
[2026-09-15T14:22:23.936+0000] {logging_mixin.py:188} INFO - [2026-09-15T14:22:23.935+0000] {dag.py:3096} INFO - Sync 1 DAGs
[2026-09-15T14:22:23.946+0000] {logging_mixin.py:188} INFO - [2026-09-15T14:22:23.946+0000] {dag.py:3954} INFO - Setting next_dagrun for fraud_pipeline to None, run_after=None
[2026-09-15T14:22:23.960+0000] {processor.py:183} INFO - Processing /opt/airflow/dags/fraud_pipeline_dag.py took 0.067 seconds
[2026-09-15T14:22:54.118+0000] {processor.py:161} INFO - Started process (PID=1360) to work on /opt/airflow/dags/fraud_pipeline_dag.py
[2026-09-15T14:22:54.118+0000] {processor.py:830} INFO - Processing file /opt/airflow/dags/fraud_pipeline_dag.py for tasks to queue
[2026-09-15T14:22:54.120+0000] {logging_mixin.py:188} INFO - [2026-09-15T14:22:54.120+0000] {dagbag.py:540} INFO - Filling up the DagBag from /opt/airflow/dags/fraud_pipeline_dag.py
[2026-09-15T14:22:54.132+0000] {processor.py:840} INFO - DAG(s) 'fraud_pipeline' retrieved from /opt/airflow/dags/fraud_pipeline_dag.py
[2026-09-15T14:22:54.157+0000] {logging_mixin.py:188} INFO - [2026-09-15T14:22:54.157+0000] {dag.py:3096} INFO - Sync 1 DAGs
[2026-09-15T14:22:54.169+0000] {logging_mixin.py:188} INFO - [2026-09-15T14:22:54.169+0000] {dag.py:3954} INFO - Setting next_dagrun for fraud_pipeline to None, run_after=None
[2026-09-15T14:22:54.186+0000] {processor.py:183} INFO - Processing /opt/airflow/dags/fraud_pipeline_dag.py took 0.074 seconds
[2026-09-15T14:23:24.295+0000] {processor.py:161} INFO - Started process (PID=1365) to work on /opt/airflow/dags/fraud_pipeline_dag.py
[2026-09-15T14:23:24.296+0000] {processor.py:830} INFO - Processing file /opt/airflow/dags/fraud_pipeline_dag.py for tasks to queue
[2026-09-15T14:23:24.297+0000] {logging_mixin.py:188} INFO - [2026-09-15T14:23:24.297+0000] {dagbag.py:540} INFO - Filling up the DagBag from /opt/airflow/dags/fraud_pipeline_dag.py
[2026-09-15T14:23:24.309+0000] {processor.py:840} INFO - DAG(s) 'fraud_pipeline' retrieved from /opt/airflow/dags/fraud_pipeline_dag.py
[2026-09-15T14:23:24.332+0000] {logging_mixin.py:188} INFO - [2026-09-15T14:23:24.332+0000] {dag.py:3096} INFO - Sync 1 DAGs
[2026-09-15T14:23:24.344+0000] {logging_mixin.py:188} INFO - [2026-09-15T14:23:24.344+0000] {dag.py:3954} INFO - Setting next_dagrun for fraud_pipeline to None, run_after=None
[2026-09-15T14:23:24.361+0000] {processor.py:183} INFO - Processing /opt/airflow/dags/fraud_pipeline_dag.py took 0.070 seconds
[2026-09-15T14:23:54.540+0000] {processor.py:161} INFO - Started process (PID=1370) to work on /opt/airflow/dags/fraud_pipeline_dag.py
[2026-09-15T14:23:54.541+0000] {processor.py:830} INFO - Processing file /opt/airflow/dags/fraud_pipeline_dag.py for tasks to queue
[2026-09-15T14:23:54.542+0000] {logging_mixin.py:188} INFO - [2026-09-15T14:23:54.542+0000] {dagbag.py:540} INFO - Filling up the DagBag from /opt/airflow/dags/fraud_pipeline_dag.py
[2026-09-15T14:23:54.553+0000] {processor.py:840} INFO - DAG(s) 'fraud_pipeline' retrieved from /opt/airflow/dags/fraud_pipeline_dag.py
[2026-09-15T14:23:54.575+0000] {logging_mixin.py:188} INFO - [2026-09-15T14:23:54.575+0000] {dag.py:3096} INFO - Sync 1 DAGs
[2026-09-15T14:23:54.585+0000] {logging_mixin.py:188} INFO - [2026-09-15T14:23:54.585+0000] {dag.py:3954} INFO - Setting next_dagrun for fraud_pipeline to None, run_after=None
[2026-09-15T14:23:54.602+0000] {processor.py:183} INFO - Processing /opt/airflow/dags/fraud_pipeline_dag.py took 0.065 seconds
[2026-09-15T14:24:24.733+0000] {processor.py:161} INFO - Started process (PID=1375) to work on /opt/airflow/dags/fraud_pipeline_dag.py
[2026-09-15T14:24:24.734+0000] {processor.py:830} INFO - Processing file /opt/airflow/dags/fraud_pipeline_dag.py for tasks to queue
[2026-09-15T14:24:24.735+0000] {logging_mixin.py:188} INFO - [2026-09-15T14:24:24.735+0000] {dagbag.py:540} INFO - Filling up the DagBag from /opt/airflow/dags/fraud_pipeline_dag.py
[2026-09-15T14:24:24.747+0000] {processor.py:840} INFO - DAG(s) 'fraud_pipeline' retrieved from /opt/airflow/dags/fraud_pipeline_dag.py
[2026-09-15T14:24:24.772+0000] {logging_mixin.py:188} INFO - [2026-09-15T14:24:24.771+0000] {dag.py:3096} INFO - Sync 1 DAGs
[2026-09-15T14:24:24.782+0000] {logging_mixin.py:188} INFO - [2026-09-15T14:24:24.782+0000] {dag.py:3954} INFO - Setting next_dagrun for fraud_pipeline to None, run_after=None
[2026-09-15T14:24:24.801+0000] {processor.py:183} INFO - Processing /opt/airflow/dags/fraud_pipeline_dag.py took 0.073 seconds
[2026-09-15T14:24:54.944+0000] {processor.py:161} INFO - Started process (PID=1380) to work on /opt/airflow/dags/fraud_pipeline_dag.py
[2026-09-15T14:24:54.945+0000] {processor.py:830} INFO - Processing file /opt/airflow/dags/fraud_pipeline_dag.py for tasks to queue
[2026-09-15T14:24:54.947+0000] {logging_mixin.py:188} INFO - [2026-09-15T14:24:54.947+0000] {dagbag.py:540} INFO - Filling up the DagBag from /opt/airflow/dags/fraud_pipeline_dag.py
[2026-09-15T14:24:54.961+0000] {processor.py:840} INFO - DAG(s) 'fraud_pipeline' retrieved from /opt/airflow/dags/fraud_pipeline_dag.py
[2026-09-15T14:24:54.991+0000] {logging_mixin.py:188} INFO - [2026-09-15T14:24:54.991+0000] {dag.py:3096} INFO - Sync 1 DAGs
[2026-09-15T14:24:55.006+0000] {logging_mixin.py:188} INFO - [2026-09-15T14:24:55.006+0000] {dag.py:3954} INFO - Setting next_dagrun for fraud_pipeline to None, run_after=None
[2026-09-15T14:24:55.027+0000] {processor.py:183} INFO - Processing /opt/airflow/dags/fraud_pipeline_dag.py took 0.088 seconds
[2026-09-15T14:25:25.157+0000] {processor.py:161} INFO - Started process (PID=1385) to work on /opt/airflow/dags/fraud_pipeline_dag.py
[2026-09-15T14:25:25.158+0000] {processor.py:830} INFO - Processing file /opt/airflow/dags/fraud_pipeline_dag.py for tasks to queue
[2026-09-15T14:25:25.159+0000] {logging_mixin.py:188} INFO - [2026-09-15T14:25:25.159+0000] {dagbag.py:540} INFO - Filling up the DagBag from /opt/airflow/dags/fraud_pipeline_dag.py
[2026-09-15T14:25:25.171+0000] {processor.py:840} INFO - DAG(s) 'fraud_pipeline' retrieved from /opt/airflow/dags/fraud_pipeline_dag.py
[2026-09-15T14:25:25.196+0000] {logging_mixin.py:188} INFO - [2026-09-15T14:25:25.196+0000] {dag.py:3096} INFO - Sync 1 DAGs
[2026-09-15T14:25:25.207+0000] {logging_mixin.py:188} INFO - [2026-09-15T14:25:25.207+0000] {dag.py:3954} INFO - Setting next_dagrun for fraud_pipeline to None, run_after=None
[2026-09-15T14:25:25.223+0000] {processor.py:183} INFO - Processing /opt/airflow/dags/fraud_pipeline_dag.py took 0.071 seconds
[2026-09-15T14:25:55.397+0000] {processor.py:161} INFO - Started process (PID=1390) to work on /opt/airflow/dags/fraud_pipeline_dag.py
[2026-09-15T14:25:55.398+0000] {processor.py:830} INFO - Processing file /opt/airflow/dags/fraud_pipeline_dag.py for tasks to queue
[2026-09-15T14:25:55.400+0000] {logging_mixin.py:188} INFO - [2026-09-15T14:25:55.400+0000] {dagbag.py:540} INFO - Filling up the DagBag from /opt/airflow/dags/fraud_pipeline_dag.py
[2026-09-15T14:25:55.414+0000] {processor.py:840} INFO - DAG(s) 'fraud_pipeline' retrieved from /opt/airflow/dags/fraud_pipeline_dag.py
[2026-09-15T14:25:55.438+0000] {logging_mixin.py:188} INFO - [2026-09-15T14:25:55.438+0000] {dag.py:3096} INFO - Sync 1 DAGs
[2026-09-15T14:25:55.449+0000] {logging_mixin.py:188} INFO - [2026-09-15T14:25:55.449+0000] {dag.py:3954} INFO - Setting next_dagrun for fraud_pipeline to None, run_after=None
[2026-09-15T14:25:55.465+0000] {processor.py:183} INFO - Processing /opt/airflow/dags/fraud_pipeline_dag.py took 0.073 seconds
[2026-09-15T14:26:25.553+0000] {processor.py:161} INFO - Started process (PID=1395) to work on /opt/airflow/dags/fraud_pipeline_dag.py
[2026-09-15T14:26:25.554+0000] {processor.py:830} INFO - Processing file /opt/airflow/dags/fraud_pipeline_dag.py for tasks to queue
[2026-09-15T14:26:25.556+0000] {logging_mixin.py:188} INFO - [2026-09-15T14:26:25.555+0000] {dagbag.py:540} INFO - Filling up the DagBag from /opt/airflow/dags/fraud_pipeline_dag.py
[2026-09-15T14:26:25.568+0000] {processor.py:840} INFO - DAG(s) 'fraud_pipeline' retrieved from /opt/airflow/dags/fraud_pipeline_dag.py
[2026-09-15T14:26:25.593+0000] {logging_mixin.py:188} INFO - [2026-09-15T14:26:25.593+0000] {dag.py:3096} INFO - Sync 1 DAGs
[2026-09-15T14:26:25.604+0000] {logging_mixin.py:188} INFO - [2026-09-15T14:26:25.604+0000] {dag.py:3954} INFO - Setting next_dagrun for fraud_pipeline to None, run_after=None
[2026-09-15T14:26:25.621+0000] {processor.py:183} INFO - Processing /opt/airflow/dags/fraud_pipeline_dag.py took 0.073 seconds
[2026-09-15T14:26:55.758+0000] {processor.py:161} INFO - Started process (PID=1400) to work on /opt/airflow/dags/fraud_pipeline_dag.py
[2026-09-15T14:26:55.759+0000] {processor.py:830} INFO - Processing file /opt/airflow/dags/fraud_pipeline_dag.py for tasks to queue
[2026-09-15T14:26:55.761+0000] {logging_mixin.py:188} INFO - [2026-09-15T14:26:55.760+0000] {dagbag.py:540} INFO - Filling up the DagBag from /opt/airflow/dags/fraud_pipeline_dag.py
[2026-09-15T14:26:55.772+0000] {processor.py:840} INFO - DAG(s) 'fraud_pipeline' retrieved from /opt/airflow/dags/fraud_pipeline_dag.py
[2026-09-15T14:26:55.797+0000] {logging_mixin.py:188} INFO - [2026-09-15T14:26:55.797+0000] {dag.py:3096} INFO - Sync 1 DAGs
[2026-09-15T14:26:55.808+0000] {logging_mixin.py:188} INFO - [2026-09-15T14:26:55.808+0000] {dag.py:3954} INFO - Setting next_dagrun for fraud_pipeline to None, run_after=None
[2026-09-15T14:26:55.823+0000] {processor.py:183} INFO - Processing /opt/airflow/dags/fraud_pipeline_dag.py took 0.070 seconds
[2026-09-15T14:27:25.974+0000] {processor.py:161} INFO - Started process (PID=1405) to work on /opt/airflow/dags/fraud_pipeline_dag.py
[2026-09-15T14:27:25.975+0000] {processor.py:830} INFO - Processing file /opt/airflow/dags/fraud_pipeline_dag.py for tasks to queue
[2026-09-15T14:27:25.976+0000] {logging_mixin.py:188} INFO - [2026-09-15T14:27:25.976+0000] {dagbag.py:540} INFO - Filling up the DagBag from /opt/airflow/dags/fraud_pipeline_dag.py
[2026-09-15T14:27:25.987+0000] {processor.py:840} INFO - DAG(s) 'fraud_pipeline' retrieved from /opt/airflow/dags/fraud_pipeline_dag.py
[2026-09-15T14:27:26.013+0000] {logging_mixin.py:188} INFO - [2026-09-15T14:27:26.013+0000] {dag.py:3096} INFO - Sync 1 DAGs
[2026-09-15T14:27:26.025+0000] {logging_mixin.py:188} INFO - [2026-09-15T14:27:26.025+0000] {dag.py:3954} INFO - Setting next_dagrun for fraud_pipeline to None, run_after=None
[2026-09-15T14:27:26.040+0000] {processor.py:183} INFO - Processing /opt/airflow/dags/fraud_pipeline_dag.py took 0.070 seconds
[2026-09-15T14:27:56.224+0000] {processor.py:161} INFO - Started process (PID=1410) to work on /opt/airflow/dags/fraud_pipeline_dag.py
[2026-09-15T14:27:56.224+0000] {processor.py:830} INFO - Processing file /opt/airflow/dags/fraud_pipeline_dag.py for tasks to queue
[2026-09-15T14:27:56.226+0000] {logging_mixin.py:188} INFO - [2026-09-15T14:27:56.225+0000] {dagbag.py:540} INFO - Filling up the DagBag from /opt/airflow/dags/fraud_pipeline_dag.py
[2026-09-15T14:27:56.236+0000] {processor.py:840} INFO - DAG(s) 'fraud_pipeline' retrieved from /opt/airflow/dags/fraud_pipeline_dag.py
[2026-09-15T14:27:56.262+0000] {logging_mixin.py:188} INFO - [2026-09-15T14:27:56.262+0000] {dag.py:3096} INFO - Sync 1 DAGs
[2026-09-15T14:27:56.274+0000] {logging_mixin.py:188} INFO - [2026-09-15T14:27:56.274+0000] {dag.py:3954} INFO - Setting next_dagrun for fraud_pipeline to None, run_after=None
[2026-09-15T14:27:56.307+0000] {processor.py:183} INFO - Processing /opt/airflow/dags/fraud_pipeline_dag.py took 0.088 seconds
[2026-09-15T14:28:26.419+0000] {processor.py:161} INFO - Started process (PID=1415) to work on /opt/airflow/dags/fraud_pipeline_dag.py
[2026-09-15T14:28:26.420+0000] {processor.py:830} INFO - Processing file /opt/airflow/dags/fraud_pipeline_dag.py for tasks to queue
[2026-09-15T14:28:26.422+0000] {logging_mixin.py:188} INFO - [2026-09-15T14:28:26.422+0000] {dagbag.py:540} INFO - Filling up the DagBag from /opt/airflow/dags/fraud_pipeline_dag.py
[2026-09-15T14:28:26.434+0000] {processor.py:840} INFO - DAG(s) 'fraud_pipeline' retrieved from /opt/airflow/dags/fraud_pipeline_dag.py
[2026-09-15T14:28:26.461+0000] {logging_mixin.py:188} INFO - [2026-09-15T14:28:26.461+0000] {dag.py:3096} INFO - Sync 1 DAGs
[2026-09-15T14:28:26.473+0000] {logging_mixin.py:188} INFO - [2026-09-15T14:28:26.473+0000] {dag.py:3954} INFO - Setting next_dagrun for fraud_pipeline to None, run_after=None
[2026-09-15T14:28:26.488+0000] {processor.py:183} INFO - Processing /opt/airflow/dags/fraud_pipeline_dag.py took 0.074 seconds
[2026-09-15T14:31:27.065+0000] {processor.py:161} INFO - Started process (PID=168) to work on /opt/airflow/dags/fraud_pipeline_dag.py
[2026-09-15T14:31:27.066+0000] {processor.py:830} INFO - Processing file /opt/airflow/dags/fraud_pipeline_dag.py for tasks to queue
[2026-09-15T14:31:27.068+0000] {logging_mixin.py:188} INFO - [2026-09-15T14:31:27.067+0000] {dagbag.py:540} INFO - Filling up the DagBag from /opt/airflow/dags/fraud_pipeline_dag.py
[2026-09-15T14:31:27.084+0000] {processor.py:840} INFO - DAG(s) 'fraud_pipeline' retrieved from /opt/airflow/dags/fraud_pipeline_dag.py
[2026-09-15T14:31:27.108+0000] {logging_mixin.py:188} INFO - [2026-09-15T14:31:27.107+0000] {dag.py:3096} INFO - Sync 1 DAGs
[2026-09-15T14:31:27.121+0000] {logging_mixin.py:188} INFO - [2026-09-15T14:31:27.121+0000] {dag.py:3954} INFO - Setting next_dagrun for fraud_pipeline to None, run_after=None
[2026-09-15T14:31:27.137+0000] {processor.py:183} INFO - Processing /opt/airflow/dags/fraud_pipeline_dag.py took 0.076 seconds
[2026-09-15T14:31:57.247+0000] {processor.py:161} INFO - Started process (PID=174) to work on /opt/airflow/dags/fraud_pipeline_dag.py
[2026-09-15T14:31:57.249+0000] {processor.py:830} INFO - Processing file /opt/airflow/dags/fraud_pipeline_dag.py for tasks to queue
[2026-09-15T14:31:57.257+0000] {logging_mixin.py:188} INFO - [2026-09-15T14:31:57.256+0000] {dagbag.py:540} INFO - Filling up the DagBag from /opt/airflow/dags/fraud_pipeline_dag.py
[2026-09-15T14:31:57.286+0000] {processor.py:840} INFO - DAG(s) 'fraud_pipeline' retrieved from /opt/airflow/dags/fraud_pipeline_dag.py
[2026-09-15T14:31:57.560+0000] {logging_mixin.py:188} INFO - [2026-09-15T14:31:57.560+0000] {dag.py:3096} INFO - Sync 1 DAGs
[2026-09-15T14:31:57.571+0000] {logging_mixin.py:188} INFO - [2026-09-15T14:31:57.570+0000] {dag.py:3954} INFO - Setting next_dagrun for fraud_pipeline to None, run_after=None
[2026-09-15T14:31:57.588+0000] {processor.py:183} INFO - Processing /opt/airflow/dags/fraud_pipeline_dag.py took 0.352 seconds
[2026-09-15T14:32:27.854+0000] {processor.py:161} INFO - Started process (PID=730) to work on /opt/airflow/dags/fraud_pipeline_dag.py
[2026-09-15T14:32:27.855+0000] {processor.py:830} INFO - Processing file /opt/airflow/dags/fraud_pipeline_dag.py for tasks to queue
[2026-09-15T14:32:27.858+0000] {logging_mixin.py:188} INFO - [2026-09-15T14:32:27.858+0000] {dagbag.py:540} INFO - Filling up the DagBag from /opt/airflow/dags/fraud_pipeline_dag.py
[2026-09-15T14:32:27.878+0000] {processor.py:840} INFO - DAG(s) 'fraud_pipeline' retrieved from /opt/airflow/dags/fraud_pipeline_dag.py
[2026-09-15T14:32:27.918+0000] {logging_mixin.py:188} INFO - [2026-09-15T14:32:27.918+0000] {dag.py:3096} INFO - Sync 1 DAGs
[2026-09-15T14:32:27.934+0000] {logging_mixin.py:188} INFO - [2026-09-15T14:32:27.934+0000] {dag.py:3954} INFO - Setting next_dagrun for fraud_pipeline to None, run_after=None
[2026-09-15T14:32:27.955+0000] {processor.py:183} INFO - Processing /opt/airflow/dags/fraud_pipeline_dag.py took 0.107 seconds
[2026-09-15T14:32:58.125+0000] {processor.py:161} INFO - Started process (PID=1410) to work on /opt/airflow/dags/fraud_pipeline_dag.py
[2026-09-15T14:32:58.126+0000] {processor.py:830} INFO - Processing file /opt/airflow/dags/fraud_pipeline_dag.py for tasks to queue
[2026-09-15T14:32:58.128+0000] {logging_mixin.py:188} INFO - [2026-09-15T14:32:58.127+0000] {dagbag.py:540} INFO - Filling up the DagBag from /opt/airflow/dags/fraud_pipeline_dag.py
[2026-09-15T14:32:58.139+0000] {processor.py:840} INFO - DAG(s) 'fraud_pipeline' retrieved from /opt/airflow/dags/fraud_pipeline_dag.py
[2026-09-15T14:32:58.165+0000] {logging_mixin.py:188} INFO - [2026-09-15T14:32:58.165+0000] {dag.py:3096} INFO - Sync 1 DAGs
[2026-09-15T14:32:58.176+0000] {logging_mixin.py:188} INFO - [2026-09-15T14:32:58.176+0000] {dag.py:3954} INFO - Setting next_dagrun for fraud_pipeline to None, run_after=None
[2026-09-15T14:32:58.229+0000] {processor.py:183} INFO - Processing /opt/airflow/dags/fraud_pipeline_dag.py took 0.109 seconds
[2026-09-15T14:33:28.400+0000] {processor.py:161} INFO - Started process (PID=1415) to work on /opt/airflow/dags/fraud_pipeline_dag.py
[2026-09-15T14:33:28.401+0000] {processor.py:830} INFO - Processing file /opt/airflow/dags/fraud_pipeline_dag.py for tasks to queue
[2026-09-15T14:33:28.402+0000] {logging_mixin.py:188} INFO - [2026-09-15T14:33:28.402+0000] {dagbag.py:540} INFO - Filling up the DagBag from /opt/airflow/dags/fraud_pipeline_dag.py
[2026-09-15T14:33:28.415+0000] {processor.py:840} INFO - DAG(s) 'fraud_pipeline' retrieved from /opt/airflow/dags/fraud_pipeline_dag.py
[2026-09-15T14:33:28.440+0000] {logging_mixin.py:188} INFO - [2026-09-15T14:33:28.439+0000] {dag.py:3096} INFO - Sync 1 DAGs
[2026-09-15T14:33:28.451+0000] {logging_mixin.py:188} INFO - [2026-09-15T14:33:28.450+0000] {dag.py:3954} INFO - Setting next_dagrun for fraud_pipeline to None, run_after=None
[2026-09-15T14:33:28.467+0000] {processor.py:183} INFO - Processing /opt/airflow/dags/fraud_pipeline_dag.py took 0.073 seconds
[2026-09-15T14:33:58.578+0000] {processor.py:161} INFO - Started process (PID=1420) to work on /opt/airflow/dags/fraud_pipeline_dag.py
[2026-09-15T14:33:58.579+0000] {processor.py:830} INFO - Processing file /opt/airflow/dags/fraud_pipeline_dag.py for tasks to queue
[2026-09-15T14:33:58.580+0000] {logging_mixin.py:188} INFO - [2026-09-15T14:33:58.580+0000] {dagbag.py:540} INFO - Filling up the DagBag from /opt/airflow/dags/fraud_pipeline_dag.py
[2026-09-15T14:33:58.591+0000] {processor.py:840} INFO - DAG(s) 'fraud_pipeline' retrieved from /opt/airflow/dags/fraud_pipeline_dag.py
[2026-09-15T14:33:58.616+0000] {logging_mixin.py:188} INFO - [2026-09-15T14:33:58.615+0000] {dag.py:3096} INFO - Sync 1 DAGs
[2026-09-15T14:33:58.627+0000] {logging_mixin.py:188} INFO - [2026-09-15T14:33:58.626+0000] {dag.py:3954} INFO - Setting next_dagrun for fraud_pipeline to None, run_after=None
[2026-09-15T14:33:58.642+0000] {processor.py:183} INFO - Processing /opt/airflow/dags/fraud_pipeline_dag.py took 0.068 seconds
[2026-09-15T14:34:28.811+0000] {processor.py:161} INFO - Started process (PID=1425) to work on /opt/airflow/dags/fraud_pipeline_dag.py
[2026-09-15T14:34:28.812+0000] {processor.py:830} INFO - Processing file /opt/airflow/dags/fraud_pipeline_dag.py for tasks to queue
[2026-09-15T14:34:28.814+0000] {logging_mixin.py:188} INFO - [2026-09-15T14:34:28.813+0000] {dagbag.py:540} INFO - Filling up the DagBag from /opt/airflow/dags/fraud_pipeline_dag.py
[2026-09-15T14:34:28.825+0000] {processor.py:840} INFO - DAG(s) 'fraud_pipeline' retrieved from /opt/airflow/dags/fraud_pipeline_dag.py
[2026-09-15T14:34:28.848+0000] {logging_mixin.py:188} INFO - [2026-09-15T14:34:28.848+0000] {dag.py:3096} INFO - Sync 1 DAGs
[2026-09-15T14:34:28.860+0000] {logging_mixin.py:188} INFO - [2026-09-15T14:34:28.859+0000] {dag.py:3954} INFO - Setting next_dagrun for fraud_pipeline to None, run_after=None
[2026-09-15T14:34:28.874+0000] {processor.py:183} INFO - Processing /opt/airflow/dags/fraud_pipeline_dag.py took 0.068 seconds
[2026-09-15T14:34:58.982+0000] {processor.py:161} INFO - Started process (PID=1430) to work on /opt/airflow/dags/fraud_pipeline_dag.py
[2026-09-15T14:34:58.983+0000] {processor.py:830} INFO - Processing file /opt/airflow/dags/fraud_pipeline_dag.py for tasks to queue
[2026-09-15T14:34:58.984+0000] {logging_mixin.py:188} INFO - [2026-09-15T14:34:58.984+0000] {dagbag.py:540} INFO - Filling up the DagBag from /opt/airflow/dags/fraud_pipeline_dag.py
[2026-09-15T14:34:59.000+0000] {processor.py:840} INFO - DAG(s) 'fraud_pipeline' retrieved from /opt/airflow/dags/fraud_pipeline_dag.py
[2026-09-15T14:34:59.030+0000] {logging_mixin.py:188} INFO - [2026-09-15T14:34:59.030+0000] {dag.py:3096} INFO - Sync 1 DAGs
[2026-09-15T14:34:59.042+0000] {logging_mixin.py:188} INFO - [2026-09-15T14:34:59.042+0000] {dag.py:3954} INFO - Setting next_dagrun for fraud_pipeline to None, run_after=None
[2026-09-15T14:34:59.057+0000] {processor.py:183} INFO - Processing /opt/airflow/dags/fraud_pipeline_dag.py took 0.079 seconds
[2026-09-15T14:35:29.220+0000] {processor.py:161} INFO - Started process (PID=1435) to work on /opt/airflow/dags/fraud_pipeline_dag.py
[2026-09-15T14:35:29.221+0000] {processor.py:830} INFO - Processing file /opt/airflow/dags/fraud_pipeline_dag.py for tasks to queue
[2026-09-15T14:35:29.222+0000] {logging_mixin.py:188} INFO - [2026-09-15T14:35:29.222+0000] {dagbag.py:540} INFO - Filling up the DagBag from /opt/airflow/dags/fraud_pipeline_dag.py
[2026-09-15T14:35:29.234+0000] {processor.py:840} INFO - DAG(s) 'fraud_pipeline' retrieved from /opt/airflow/dags/fraud_pipeline_dag.py
[2026-09-15T14:35:29.258+0000] {logging_mixin.py:188} INFO - [2026-09-15T14:35:29.258+0000] {dag.py:3096} INFO - Sync 1 DAGs
[2026-09-15T14:35:29.268+0000] {logging_mixin.py:188} INFO - [2026-09-15T14:35:29.268+0000] {dag.py:3954} INFO - Setting next_dagrun for fraud_pipeline to None, run_after=None
[2026-09-15T14:35:29.283+0000] {processor.py:183} INFO - Processing /opt/airflow/dags/fraud_pipeline_dag.py took 0.067 seconds
[2026-09-15T14:35:59.425+0000] {processor.py:161} INFO - Started process (PID=1440) to work on /opt/airflow/dags/fraud_pipeline_dag.py
[2026-09-15T14:35:59.426+0000] {processor.py:830} INFO - Processing file /opt/airflow/dags/fraud_pipeline_dag.py for tasks to queue
[2026-09-15T14:35:59.427+0000] {logging_mixin.py:188} INFO - [2026-09-15T14:35:59.427+0000] {dagbag.py:540} INFO - Filling up the DagBag from /opt/airflow/dags/fraud_pipeline_dag.py
[2026-09-15T14:35:59.438+0000] {processor.py:840} INFO - DAG(s) 'fraud_pipeline' retrieved from /opt/airflow/dags/fraud_pipeline_dag.py
[2026-09-15T14:35:59.460+0000] {logging_mixin.py:188} INFO - [2026-09-15T14:35:59.460+0000] {dag.py:3096} INFO - Sync 1 DAGs
[2026-09-15T14:35:59.471+0000] {logging_mixin.py:188} INFO - [2026-09-15T14:35:59.470+0000] {dag.py:3954} INFO - Setting next_dagrun for fraud_pipeline to None, run_after=None
[2026-09-15T14:35:59.489+0000] {processor.py:183} INFO - Processing /opt/airflow/dags/fraud_pipeline_dag.py took 0.068 seconds
[2026-09-15T14:36:29.646+0000] {processor.py:161} INFO - Started process (PID=1445) to work on /opt/airflow/dags/fraud_pipeline_dag.py
[2026-09-15T14:36:29.647+0000] {processor.py:830} INFO - Processing file /opt/airflow/dags/fraud_pipeline_dag.py for tasks to queue
[2026-09-15T14:36:29.648+0000] {logging_mixin.py:188} INFO - [2026-09-15T14:36:29.648+0000] {dagbag.py:540} INFO - Filling up the DagBag from /opt/airflow/dags/fraud_pipeline_dag.py
[2026-09-15T14:36:29.660+0000] {processor.py:840} INFO - DAG(s) 'fraud_pipeline' retrieved from /opt/airflow/dags/fraud_pipeline_dag.py
[2026-09-15T14:36:29.683+0000] {logging_mixin.py:188} INFO - [2026-09-15T14:36:29.683+0000] {dag.py:3096} INFO - Sync 1 DAGs
[2026-09-15T14:36:29.694+0000] {logging_mixin.py:188} INFO - [2026-09-15T14:36:29.694+0000] {dag.py:3954} INFO - Setting next_dagrun for fraud_pipeline to None, run_after=None
[2026-09-15T14:36:29.711+0000] {processor.py:183} INFO - Processing /opt/airflow/dags/fraud_pipeline_dag.py took 0.069 seconds
[2026-09-15T14:36:59.857+0000] {processor.py:161} INFO - Started process (PID=1450) to work on /opt/airflow/dags/fraud_pipeline_dag.py
[2026-09-15T14:36:59.857+0000] {processor.py:830} INFO - Processing file /opt/airflow/dags/fraud_pipeline_dag.py for tasks to queue
[2026-09-15T14:36:59.859+0000] {logging_mixin.py:188} INFO - [2026-09-15T14:36:59.858+0000] {dagbag.py:540} INFO - Filling up the DagBag from /opt/airflow/dags/fraud_pipeline_dag.py
[2026-09-15T14:36:59.869+0000] {processor.py:840} INFO - DAG(s) 'fraud_pipeline' retrieved from /opt/airflow/dags/fraud_pipeline_dag.py
[2026-09-15T14:36:59.893+0000] {logging_mixin.py:188} INFO - [2026-09-15T14:36:59.892+0000] {dag.py:3096} INFO - Sync 1 DAGs
[2026-09-15T14:36:59.903+0000] {logging_mixin.py:188} INFO - [2026-09-15T14:36:59.902+0000] {dag.py:3954} INFO - Setting next_dagrun for fraud_pipeline to None, run_after=None
[2026-09-15T14:36:59.917+0000] {processor.py:183} INFO - Processing /opt/airflow/dags/fraud_pipeline_dag.py took 0.065 seconds
[2026-09-15T14:37:30.076+0000] {processor.py:161} INFO - Started process (PID=1455) to work on /opt/airflow/dags/fraud_pipeline_dag.py
[2026-09-15T14:37:30.076+0000] {processor.py:830} INFO - Processing file /opt/airflow/dags/fraud_pipeline_dag.py for tasks to queue
[2026-09-15T14:37:30.078+0000] {logging_mixin.py:188} INFO - [2026-09-15T14:37:30.077+0000] {dagbag.py:540} INFO - Filling up the DagBag from /opt/airflow/dags/fraud_pipeline_dag.py
[2026-09-15T14:37:30.090+0000] {processor.py:840} INFO - DAG(s) 'fraud_pipeline' retrieved from /opt/airflow/dags/fraud_pipeline_dag.py
[2026-09-15T14:37:30.113+0000] {logging_mixin.py:188} INFO - [2026-09-15T14:37:30.112+0000] {dag.py:3096} INFO - Sync 1 DAGs
[2026-09-15T14:37:30.123+0000] {logging_mixin.py:188} INFO - [2026-09-15T14:37:30.123+0000] {dag.py:3954} INFO - Setting next_dagrun for fraud_pipeline to None, run_after=None
[2026-09-15T14:37:30.137+0000] {processor.py:183} INFO - Processing /opt/airflow/dags/fraud_pipeline_dag.py took 0.066 seconds
[2026-09-15T14:38:00.249+0000] {processor.py:161} INFO - Started process (PID=1460) to work on /opt/airflow/dags/fraud_pipeline_dag.py
[2026-09-15T14:38:00.250+0000] {processor.py:830} INFO - Processing file /opt/airflow/dags/fraud_pipeline_dag.py for tasks to queue
[2026-09-15T14:38:00.251+0000] {logging_mixin.py:188} INFO - [2026-09-15T14:38:00.251+0000] {dagbag.py:540} INFO - Filling up the DagBag from /opt/airflow/dags/fraud_pipeline_dag.py
[2026-09-15T14:38:00.266+0000] {processor.py:840} INFO - DAG(s) 'fraud_pipeline' retrieved from /opt/airflow/dags/fraud_pipeline_dag.py
[2026-09-15T14:38:00.293+0000] {logging_mixin.py:188} INFO - [2026-09-15T14:38:00.292+0000] {dag.py:3096} INFO - Sync 1 DAGs
[2026-09-15T14:38:00.305+0000] {logging_mixin.py:188} INFO - [2026-09-15T14:38:00.305+0000] {dag.py:3954} INFO - Setting next_dagrun for fraud_pipeline to None, run_after=None
[2026-09-15T14:38:00.320+0000] {processor.py:183} INFO - Processing /opt/airflow/dags/fraud_pipeline_dag.py took 0.076 seconds
[2026-09-15T14:38:30.447+0000] {processor.py:161} INFO - Started process (PID=1465) to work on /opt/airflow/dags/fraud_pipeline_dag.py
[2026-09-15T14:38:30.447+0000] {processor.py:830} INFO - Processing file /opt/airflow/dags/fraud_pipeline_dag.py for tasks to queue
[2026-09-15T14:38:30.449+0000] {logging_mixin.py:188} INFO - [2026-09-15T14:38:30.448+0000] {dagbag.py:540} INFO - Filling up the DagBag from /opt/airflow/dags/fraud_pipeline_dag.py
[2026-09-15T14:38:30.459+0000] {processor.py:840} INFO - DAG(s) 'fraud_pipeline' retrieved from /opt/airflow/dags/fraud_pipeline_dag.py
[2026-09-15T14:38:30.482+0000] {logging_mixin.py:188} INFO - [2026-09-15T14:38:30.482+0000] {dag.py:3096} INFO - Sync 1 DAGs
[2026-09-15T14:38:30.492+0000] {logging_mixin.py:188} INFO - [2026-09-15T14:38:30.492+0000] {dag.py:3954} INFO - Setting next_dagrun for fraud_pipeline to None, run_after=None
[2026-09-15T14:38:30.508+0000] {processor.py:183} INFO - Processing /opt/airflow/dags/fraud_pipeline_dag.py took 0.066 seconds
