[2026-09-14T17:17:34.062+0000] {local_task_job_runner.py:120} INFO - ::group::Pre task execution logs
[2026-09-14T17:17:34.096+0000] {taskinstance.py:2073} INFO - Dependencies all met for dep_context=non-requeueable deps ti=<TaskInstance: fraud_pipeline.clean manual__2026-09-14T17:17:32.934136+00:00 [queued]>
[2026-09-14T17:17:34.102+0000] {taskinstance.py:2073} INFO - Dependencies all met for dep_context=requeueable deps ti=<TaskInstance: fraud_pipeline.clean manual__2026-09-14T17:17:32.934136+00:00 [queued]>
[2026-09-14T17:17:34.103+0000] {taskinstance.py:2303} INFO - Starting attempt 1 of 1
[2026-09-14T17:17:34.112+0000] {taskinstance.py:2327} INFO - Executing <Task(_PythonDecoratedOperator): clean> on 2026-09-14 17:17:32.934136+00:00
[2026-09-14T17:17:34.122+0000] {logging_mixin.py:188} WARNING - /home/airflow/.local/lib/python3.12/site-packages/airflow/task/task_runner/standard_task_runner.py:61 DeprecationWarning: This process (pid=197) is multi-threaded, use of fork() may lead to deadlocks in the child.
[2026-09-14T17:17:34.120+0000] {standard_task_runner.py:90} INFO - Running: ['airflow', 'tasks', 'run', 'fraud_pipeline', 'clean', 'manual__2026-09-14T17:17:32.934136+00:00', '--job-id', '7', '--raw', '--subdir', 'DAGS_FOLDER/fraud_pipeline_dag.py', '--cfg-path', '/tmp/tmpav8oyuhn']
[2026-09-14T17:17:34.122+0000] {standard_task_runner.py:63} INFO - Started process 198 to run task
[2026-09-14T17:17:34.123+0000] {standard_task_runner.py:91} INFO - Job 7: Subtask clean
[2026-09-14T17:17:34.180+0000] {task_command.py:426} INFO - Running <TaskInstance: fraud_pipeline.clean manual__2026-09-14T17:17:32.934136+00:00 [running]> on host c1b2d7479136
[2026-09-14T17:17:34.267+0000] {taskinstance.py:2644} INFO - Exporting env vars: AIRFLOW_CTX_DAG_OWNER='airflow' AIRFLOW_CTX_DAG_ID='fraud_pipeline' AIRFLOW_CTX_TASK_ID='clean' AIRFLOW_CTX_EXECUTION_DATE='2026-09-14T17:17:32.934136+00:00' AIRFLOW_CTX_TRY_NUMBER='1' AIRFLOW_CTX_DAG_RUN_ID='manual__2026-09-14T17:17:32.934136+00:00'
[2026-09-14T17:17:34.268+0000] {taskinstance.py:430} INFO - ::endgroup::
[2026-09-14T17:17:35.352+0000] {logging_mixin.py:188} INFO - 2026-09-14 17:17:35 [INFO] src.cleaning.clean — Extraindo df_fraud_credit.zip...
[2026-09-14T17:17:35.352+0000] {clean.py:33} INFO - Extraindo df_fraud_credit.zip...
[2026-09-14T17:17:37.628+0000] {logging_mixin.py:188} INFO - 2026-09-14 17:17:37 [INFO] src.cleaning.clean — Arquivo(s) extraído(s): df_fraud_credit.csv
[2026-09-14T17:17:37.627+0000] {clean.py:50} INFO - Arquivo(s) extraído(s): df_fraud_credit.csv
[2026-09-14T17:17:37.629+0000] {logging_mixin.py:188} INFO - 2026-09-14 17:17:37 [INFO] src.cleaning.clean — Extração concluída.
[2026-09-14T17:17:37.629+0000] {clean.py:51} INFO - Extração concluída.
[2026-09-14T17:17:40.080+0000] {logging_mixin.py:188} INFO - 2026-09-14 17:17:40 [INFO] src.cleaning.clean — 1,048,575 registros carregados.
[2026-09-14T17:17:40.080+0000] {clean.py:62} INFO - 1,048,575 registros carregados.
[2026-09-14T17:17:40.668+0000] {logging_mixin.py:188} INFO - 2026-09-14 17:17:40 [INFO] src.cleaning.clean — dq_flag_amount:     5,641 registros
[2026-09-14T17:17:40.668+0000] {clean.py:95} INFO - dq_flag_amount:     5,641 registros
[2026-09-14T17:17:40.670+0000] {logging_mixin.py:188} INFO - 2026-09-14 17:17:40 [INFO] src.cleaning.clean — dq_flag_risk_score: 5,695 registros
[2026-09-14T17:17:40.670+0000] {clean.py:96} INFO - dq_flag_risk_score: 5,695 registros
[2026-09-14T17:17:40.671+0000] {logging_mixin.py:188} INFO - 2026-09-14 17:17:40 [INFO] src.cleaning.clean — dq_flag_region:     5,795 registros
[2026-09-14T17:17:40.671+0000] {clean.py:97} INFO - dq_flag_region:     5,795 registros
[2026-09-14T17:17:41.279+0000] {logging_mixin.py:188} INFO - 2026-09-14 17:17:41 [INFO] src.cleaning.clean — 1 duplicata(s) removida(s).
[2026-09-14T17:17:41.279+0000] {clean.py:129} INFO - 1 duplicata(s) removida(s).
[2026-09-14T17:17:42.375+0000] {logging_mixin.py:188} INFO - 2026-09-14 17:17:42 [ERROR] src.cleaning.clean — Erro inesperado ao salvar Silver.
Traceback (most recent call last):
  File "/opt/airflow/src/cleaning/clean.py", line 144, in save_silver
    df.to_parquet(output_path, index=False, engine="pyarrow",storage_options=get_storage_options())
  File "/home/airflow/.local/lib/python3.12/site-packages/pandas/core/frame.py", line 2970, in to_parquet
    return to_parquet(
           ^^^^^^^^^^^
  File "/home/airflow/.local/lib/python3.12/site-packages/pandas/io/parquet.py", line 483, in to_parquet
    impl.write(
  File "/home/airflow/.local/lib/python3.12/site-packages/pandas/io/parquet.py", line 226, in write
    self.api.parquet.write_table(
  File "/home/airflow/.local/lib/python3.12/site-packages/pyarrow/parquet/core.py", line 1883, in write_table
    with ParquetWriter(
  File "/home/airflow/.local/lib/python3.12/site-packages/pyarrow/parquet/core.py", line 1041, in __exit__
    self.close()
  File "/home/airflow/.local/lib/python3.12/site-packages/pyarrow/parquet/core.py", line 1116, in close
    self.file_handle.close()
  File "pyarrow/io.pxi", line 194, in pyarrow.lib.NativeFile.close
  File "pyarrow/error.pxi", line 88, in pyarrow.lib.check_status
  File "/home/airflow/.local/lib/python3.12/site-packages/fsspec/spec.py", line 2278, in close
    self.flush(force=True)
  File "/home/airflow/.local/lib/python3.12/site-packages/fsspec/spec.py", line 2136, in flush
    if self._upload_chunk(final=force) is not False:
       ^^^^^^^^^^^^^^^^^^^^^^^^^^^^^^^
  File "/home/airflow/.local/lib/python3.12/site-packages/s3fs/core.py", line 2762, in _upload_chunk
    self.commit()
  File "/home/airflow/.local/lib/python3.12/site-packages/s3fs/core.py", line 2788, in commit
    write_result = self._call_s3("put_object", **kw, **match)
                   ^^^^^^^^^^^^^^^^^^^^^^^^^^^^^^^^^^^^^^^^^^
  File "/home/airflow/.local/lib/python3.12/site-packages/s3fs/core.py", line 2621, in _call_s3
    return self.fs.call_s3(method, self.s3_additional_kwargs, *kwarglist, **kwargs)
           ^^^^^^^^^^^^^^^^^^^^^^^^^^^^^^^^^^^^^^^^^^^^^^^^^^^^^^^^^^^^^^^^^^^^^^^^
  File "/home/airflow/.local/lib/python3.12/site-packages/fsspec/asyn.py", line 118, in wrapper
    return sync(self.loop, func, *args, **kwargs)
           ^^^^^^^^^^^^^^^^^^^^^^^^^^^^^^^^^^^^^^
  File "/home/airflow/.local/lib/python3.12/site-packages/fsspec/asyn.py", line 103, in sync
    raise return_result
  File "/home/airflow/.local/lib/python3.12/site-packages/fsspec/asyn.py", line 56, in _runner
    result[0] = await coro
                ^^^^^^^^^^
  File "/home/airflow/.local/lib/python3.12/site-packages/s3fs/core.py", line 457, in _call_s3
    await self.set_session()
  File "/home/airflow/.local/lib/python3.12/site-packages/s3fs/core.py", line 655, in set_session
    self.session = aiobotocore.session.AioSession(**self.kwargs)
                   ^^^^^^^^^^^^^^^^^^^^^^^^^^^^^^^^^^^^^^^^^^^^^
TypeError: AioSession.__init__() got an unexpected keyword argument 'endpoint'
[2026-09-14T17:17:42.369+0000] {clean.py:153} ERROR - Erro inesperado ao salvar Silver.
Traceback (most recent call last):
  File "/opt/airflow/src/cleaning/clean.py", line 144, in save_silver
    df.to_parquet(output_path, index=False, engine="pyarrow",storage_options=get_storage_options())
  File "/home/airflow/.local/lib/python3.12/site-packages/pandas/core/frame.py", line 2970, in to_parquet
    return to_parquet(
           ^^^^^^^^^^^
  File "/home/airflow/.local/lib/python3.12/site-packages/pandas/io/parquet.py", line 483, in to_parquet
    impl.write(
  File "/home/airflow/.local/lib/python3.12/site-packages/pandas/io/parquet.py", line 226, in write
    self.api.parquet.write_table(
  File "/home/airflow/.local/lib/python3.12/site-packages/pyarrow/parquet/core.py", line 1883, in write_table
    with ParquetWriter(
  File "/home/airflow/.local/lib/python3.12/site-packages/pyarrow/parquet/core.py", line 1041, in __exit__
    self.close()
  File "/home/airflow/.local/lib/python3.12/site-packages/pyarrow/parquet/core.py", line 1116, in close
    self.file_handle.close()
  File "pyarrow/io.pxi", line 194, in pyarrow.lib.NativeFile.close
  File "pyarrow/error.pxi", line 88, in pyarrow.lib.check_status
  File "/home/airflow/.local/lib/python3.12/site-packages/fsspec/spec.py", line 2278, in close
    self.flush(force=True)
  File "/home/airflow/.local/lib/python3.12/site-packages/fsspec/spec.py", line 2136, in flush
    if self._upload_chunk(final=force) is not False:
       ^^^^^^^^^^^^^^^^^^^^^^^^^^^^^^^
  File "/home/airflow/.local/lib/python3.12/site-packages/s3fs/core.py", line 2762, in _upload_chunk
    self.commit()
  File "/home/airflow/.local/lib/python3.12/site-packages/s3fs/core.py", line 2788, in commit
    write_result = self._call_s3("put_object", **kw, **match)
                   ^^^^^^^^^^^^^^^^^^^^^^^^^^^^^^^^^^^^^^^^^^
  File "/home/airflow/.local/lib/python3.12/site-packages/s3fs/core.py", line 2621, in _call_s3
    return self.fs.call_s3(method, self.s3_additional_kwargs, *kwarglist, **kwargs)
           ^^^^^^^^^^^^^^^^^^^^^^^^^^^^^^^^^^^^^^^^^^^^^^^^^^^^^^^^^^^^^^^^^^^^^^^^
  File "/home/airflow/.local/lib/python3.12/site-packages/fsspec/asyn.py", line 118, in wrapper
    return sync(self.loop, func, *args, **kwargs)
           ^^^^^^^^^^^^^^^^^^^^^^^^^^^^^^^^^^^^^^
  File "/home/airflow/.local/lib/python3.12/site-packages/fsspec/asyn.py", line 103, in sync
    raise return_result
  File "/home/airflow/.local/lib/python3.12/site-packages/fsspec/asyn.py", line 56, in _runner
    result[0] = await coro
                ^^^^^^^^^^
  File "/home/airflow/.local/lib/python3.12/site-packages/s3fs/core.py", line 457, in _call_s3
    await self.set_session()
  File "/home/airflow/.local/lib/python3.12/site-packages/s3fs/core.py", line 655, in set_session
    self.session = aiobotocore.session.AioSession(**self.kwargs)
                   ^^^^^^^^^^^^^^^^^^^^^^^^^^^^^^^^^^^^^^^^^^^^^
TypeError: AioSession.__init__() got an unexpected keyword argument 'endpoint'
[2026-09-14T17:17:42.375+0000] {taskinstance.py:441} INFO - ::group::Post task execution logs
[2026-09-14T17:17:42.376+0000] {taskinstance.py:2890} ERROR - Task failed with exception
Traceback (most recent call last):
  File "/home/airflow/.local/lib/python3.12/site-packages/airflow/models/taskinstance.py", line 465, in _execute_task
    result = _execute_callable(context=context, **execute_callable_kwargs)
             ^^^^^^^^^^^^^^^^^^^^^^^^^^^^^^^^^^^^^^^^^^^^^^^^^^^^^^^^^^^^^
  File "/home/airflow/.local/lib/python3.12/site-packages/airflow/models/taskinstance.py", line 432, in _execute_callable
    return execute_callable(context=context, **execute_callable_kwargs)
           ^^^^^^^^^^^^^^^^^^^^^^^^^^^^^^^^^^^^^^^^^^^^^^^^^^^^^^^^^^^^
  File "/home/airflow/.local/lib/python3.12/site-packages/airflow/models/baseoperator.py", line 400, in wrapper
    return func(self, *args, **kwargs)
           ^^^^^^^^^^^^^^^^^^^^^^^^^^^
  File "/home/airflow/.local/lib/python3.12/site-packages/airflow/decorators/base.py", line 265, in execute
    return_value = super().execute(context)
                   ^^^^^^^^^^^^^^^^^^^^^^^^
  File "/home/airflow/.local/lib/python3.12/site-packages/airflow/models/baseoperator.py", line 400, in wrapper
    return func(self, *args, **kwargs)
           ^^^^^^^^^^^^^^^^^^^^^^^^^^^
  File "/home/airflow/.local/lib/python3.12/site-packages/airflow/operators/python.py", line 235, in execute
    return_value = self.execute_callable()
                   ^^^^^^^^^^^^^^^^^^^^^^^
  File "/home/airflow/.local/lib/python3.12/site-packages/airflow/operators/python.py", line 252, in execute_callable
    return self.python_callable(*self.op_args, **self.op_kwargs)
           ^^^^^^^^^^^^^^^^^^^^^^^^^^^^^^^^^^^^^^^^^^^^^^^^^^^^^
  File "/opt/airflow/dags/fraud_pipeline_dag.py", line 17, in clean
    run_clean()
  File "/opt/airflow/src/cleaning/clean.py", line 166, in clean
    save_silver(df,silver_folder)
  File "/opt/airflow/src/cleaning/clean.py", line 144, in save_silver
    df.to_parquet(output_path, index=False, engine="pyarrow",storage_options=get_storage_options())
  File "/home/airflow/.local/lib/python3.12/site-packages/pandas/core/frame.py", line 2970, in to_parquet
    return to_parquet(
           ^^^^^^^^^^^
  File "/home/airflow/.local/lib/python3.12/site-packages/pandas/io/parquet.py", line 483, in to_parquet
    impl.write(
  File "/home/airflow/.local/lib/python3.12/site-packages/pandas/io/parquet.py", line 226, in write
    self.api.parquet.write_table(
  File "/home/airflow/.local/lib/python3.12/site-packages/pyarrow/parquet/core.py", line 1883, in write_table
    with ParquetWriter(
  File "/home/airflow/.local/lib/python3.12/site-packages/pyarrow/parquet/core.py", line 1041, in __exit__
    self.close()
  File "/home/airflow/.local/lib/python3.12/site-packages/pyarrow/parquet/core.py", line 1116, in close
    self.file_handle.close()
  File "pyarrow/io.pxi", line 194, in pyarrow.lib.NativeFile.close
  File "pyarrow/error.pxi", line 88, in pyarrow.lib.check_status
  File "/home/airflow/.local/lib/python3.12/site-packages/fsspec/spec.py", line 2278, in close
    self.flush(force=True)
  File "/home/airflow/.local/lib/python3.12/site-packages/fsspec/spec.py", line 2136, in flush
    if self._upload_chunk(final=force) is not False:
       ^^^^^^^^^^^^^^^^^^^^^^^^^^^^^^^
  File "/home/airflow/.local/lib/python3.12/site-packages/s3fs/core.py", line 2762, in _upload_chunk
    self.commit()
  File "/home/airflow/.local/lib/python3.12/site-packages/s3fs/core.py", line 2788, in commit
    write_result = self._call_s3("put_object", **kw, **match)
                   ^^^^^^^^^^^^^^^^^^^^^^^^^^^^^^^^^^^^^^^^^^
  File "/home/airflow/.local/lib/python3.12/site-packages/s3fs/core.py", line 2621, in _call_s3
    return self.fs.call_s3(method, self.s3_additional_kwargs, *kwarglist, **kwargs)
           ^^^^^^^^^^^^^^^^^^^^^^^^^^^^^^^^^^^^^^^^^^^^^^^^^^^^^^^^^^^^^^^^^^^^^^^^
  File "/home/airflow/.local/lib/python3.12/site-packages/fsspec/asyn.py", line 118, in wrapper
    return sync(self.loop, func, *args, **kwargs)
           ^^^^^^^^^^^^^^^^^^^^^^^^^^^^^^^^^^^^^^
  File "/home/airflow/.local/lib/python3.12/site-packages/fsspec/asyn.py", line 103, in sync
    raise return_result
  File "/home/airflow/.local/lib/python3.12/site-packages/fsspec/asyn.py", line 56, in _runner
    result[0] = await coro
                ^^^^^^^^^^
  File "/home/airflow/.local/lib/python3.12/site-packages/s3fs/core.py", line 457, in _call_s3
    await self.set_session()
  File "/home/airflow/.local/lib/python3.12/site-packages/s3fs/core.py", line 655, in set_session
    self.session = aiobotocore.session.AioSession(**self.kwargs)
                   ^^^^^^^^^^^^^^^^^^^^^^^^^^^^^^^^^^^^^^^^^^^^^
TypeError: AioSession.__init__() got an unexpected keyword argument 'endpoint'
[2026-09-14T17:17:42.389+0000] {taskinstance.py:1205} INFO - Marking task as FAILED. dag_id=fraud_pipeline, task_id=clean, execution_date=20260914T171732, start_date=20260914T171734, end_date=20260914T171742
[2026-09-14T17:17:42.402+0000] {standard_task_runner.py:110} ERROR - Failed to execute job 7 for task clean (AioSession.__init__() got an unexpected keyword argument 'endpoint'; 198)
[2026-09-14T17:17:42.446+0000] {local_task_job_runner.py:240} INFO - Task exited with return code 1
[2026-09-14T17:17:42.467+0000] {taskinstance.py:3482} INFO - 0 downstream tasks scheduled from follow-on schedule check
[2026-09-14T17:17:42.471+0000] {local_task_job_runner.py:222} INFO - ::endgroup::
