[2026-09-16T01:37:52.176+0000] {local_task_job_runner.py:120} INFO - ::group::Pre task execution logs
[2026-09-16T01:37:52.211+0000] {taskinstance.py:2073} INFO - Dependencies all met for dep_context=non-requeueable deps ti=<TaskInstance: fraud_pipeline.dq_report manual__2026-09-16T01:37:24.075190+00:00 [queued]>
[2026-09-16T01:37:52.217+0000] {taskinstance.py:2073} INFO - Dependencies all met for dep_context=requeueable deps ti=<TaskInstance: fraud_pipeline.dq_report manual__2026-09-16T01:37:24.075190+00:00 [queued]>
[2026-09-16T01:37:52.218+0000] {taskinstance.py:2303} INFO - Starting attempt 1 of 1
[2026-09-16T01:37:52.227+0000] {taskinstance.py:2327} INFO - Executing <Task(_PythonDecoratedOperator): dq_report> on 2026-09-16 01:37:24.075190+00:00
[2026-09-16T01:37:52.233+0000] {standard_task_runner.py:90} INFO - Running: ['airflow', 'tasks', 'run', 'fraud_pipeline', 'dq_report', 'manual__2026-09-16T01:37:24.075190+00:00', '--job-id', '18', '--raw', '--subdir', 'DAGS_FOLDER/fraud_pipeline_dag.py', '--cfg-path', '/tmp/tmp85a2xpmq']
[2026-09-16T01:37:52.234+0000] {logging_mixin.py:188} WARNING - /home/airflow/.local/lib/python3.12/site-packages/airflow/task/task_runner/standard_task_runner.py:61 DeprecationWarning: This process (pid=609) is multi-threaded, use of fork() may lead to deadlocks in the child.
[2026-09-16T01:37:52.235+0000] {standard_task_runner.py:91} INFO - Job 18: Subtask dq_report
[2026-09-16T01:37:52.235+0000] {standard_task_runner.py:63} INFO - Started process 610 to run task
[2026-09-16T01:37:52.287+0000] {task_command.py:426} INFO - Running <TaskInstance: fraud_pipeline.dq_report manual__2026-09-16T01:37:24.075190+00:00 [running]> on host 93640fba8f1b
[2026-09-16T01:37:52.382+0000] {taskinstance.py:2644} INFO - Exporting env vars: AIRFLOW_CTX_DAG_OWNER='airflow' AIRFLOW_CTX_DAG_ID='fraud_pipeline' AIRFLOW_CTX_TASK_ID='dq_report' AIRFLOW_CTX_EXECUTION_DATE='2026-09-16T01:37:24.075190+00:00' AIRFLOW_CTX_TRY_NUMBER='1' AIRFLOW_CTX_DAG_RUN_ID='manual__2026-09-16T01:37:24.075190+00:00'
[2026-09-16T01:37:52.456+0000] {taskinstance.py:430} INFO - ::endgroup::
[2026-09-16T01:38:03.454+0000] {logging_mixin.py:188} INFO - 2026-09-16 01:38:03 [INFO] src.data_quality.dq_report — Raw: 1,048,575 | Pós-limpeza: 1,048,574 | Duplicatas: 1
[2026-09-16T01:38:03.454+0000] {dq_report.py:68} INFO - Raw: 1,048,575 | Pós-limpeza: 1,048,574 | Duplicatas: 1
[2026-09-16T01:38:03.457+0000] {logging_mixin.py:188} INFO - 2026-09-16 01:38:03 [INFO] src.data_quality.dq_report — Erros — amount: 5,641 | risk_score: 5,695 | region: 5,795
[2026-09-16T01:38:03.457+0000] {dq_report.py:72} INFO - Erros — amount: 5,641 | risk_score: 5,695 | region: 5,795
[2026-09-16T01:38:03.458+0000] {logging_mixin.py:188} INFO - 2026-09-16 01:38:03 [INFO] src.data_quality.dq_report — Conformidade geral: 98.38% — dentro do esperado.
[2026-09-16T01:38:03.458+0000] {dq_report.py:82} INFO - Conformidade geral: 98.38% — dentro do esperado.
[2026-09-16T01:38:03.787+0000] {logging_mixin.py:188} INFO - 2026-09-16 01:38:03 [INFO] src.data_quality.dq_report — Relatório salvo em: s3://reports/dq_report.json
[2026-09-16T01:38:03.787+0000] {dq_report.py:99} INFO - Relatório salvo em: s3://reports/dq_report.json
[2026-09-16T01:38:03.788+0000] {logging_mixin.py:188} INFO - 2026-09-16 01:38:03 [INFO] src.data_quality.dq_report — Quality gate aprovado: 98.38%
[2026-09-16T01:38:03.788+0000] {dq_report.py:124} INFO - Quality gate aprovado: 98.38%
[2026-09-16T01:38:03.788+0000] {logging_mixin.py:188} INFO - 2026-09-16 01:38:03 [INFO] src.data_quality.dq_report — Relatório completo:
{
  "generated_at": "2026-09-16T01:38:03.453863",
  "total_registros_raw": 1048575,
  "total_registros_apos_limpeza": 1048574,
  "duplicatas_removidas": 1,
  "erros_amount": 5641,
  "erros_risk_score": 5695,
  "erros_location_region": 5795,
  "total_registros_problematicos": 17031,
  "pct_conformidade_amount": 99.46,
  "pct_conformidade_risk_score": 99.46,
  "pct_conformidade_location_region": 99.45,
  "pct_conformidade_geral": 98.38
}
[2026-09-16T01:38:03.788+0000] {dq_report.py:125} INFO - Relatório completo:
{
  "generated_at": "2026-09-16T01:38:03.453863",
  "total_registros_raw": 1048575,
  "total_registros_apos_limpeza": 1048574,
  "duplicatas_removidas": 1,
  "erros_amount": 5641,
  "erros_risk_score": 5695,
  "erros_location_region": 5795,
  "total_registros_problematicos": 17031,
  "pct_conformidade_amount": 99.46,
  "pct_conformidade_risk_score": 99.46,
  "pct_conformidade_location_region": 99.45,
  "pct_conformidade_geral": 98.38
}
[2026-09-16T01:38:03.789+0000] {python.py:237} INFO - Done. Returned value was: None
[2026-09-16T01:38:03.789+0000] {taskinstance.py:441} INFO - ::group::Post task execution logs
[2026-09-16T01:38:03.801+0000] {taskinstance.py:1205} INFO - Marking task as SUCCESS. dag_id=fraud_pipeline, task_id=dq_report, execution_date=20260916T013724, start_date=20260916T013752, end_date=20260916T013803
[2026-09-16T01:38:03.853+0000] {local_task_job_runner.py:240} INFO - Task exited with return code 0
[2026-09-16T01:38:03.877+0000] {taskinstance.py:3482} INFO - 2 downstream tasks scheduled from follow-on schedule check
[2026-09-16T01:38:03.906+0000] {local_task_job_runner.py:222} INFO - ::endgroup::
