[2026-09-14T17:38:42.525+0000] {local_task_job_runner.py:120} INFO - ::group::Pre task execution logs
[2026-09-14T17:38:42.557+0000] {taskinstance.py:2073} INFO - Dependencies all met for dep_context=non-requeueable deps ti=<TaskInstance: fraud_pipeline.top_addresses manual__2026-09-14T17:38:28.771771+00:00 [queued]>
[2026-09-14T17:38:42.565+0000] {taskinstance.py:2073} INFO - Dependencies all met for dep_context=requeueable deps ti=<TaskInstance: fraud_pipeline.top_addresses manual__2026-09-14T17:38:28.771771+00:00 [queued]>
[2026-09-14T17:38:42.566+0000] {taskinstance.py:2303} INFO - Starting attempt 1 of 1
[2026-09-14T17:38:42.578+0000] {taskinstance.py:2327} INFO - Executing <Task(_PythonDecoratedOperator): top_addresses> on 2026-09-14 17:38:28.771771+00:00
[2026-09-14T17:38:42.585+0000] {standard_task_runner.py:90} INFO - Running: ['airflow', 'tasks', 'run', 'fraud_pipeline', 'top_addresses', 'manual__2026-09-14T17:38:28.771771+00:00', '--job-id', '16', '--raw', '--subdir', 'DAGS_FOLDER/fraud_pipeline_dag.py', '--cfg-path', '/tmp/tmpixmpma51']
[2026-09-14T17:38:42.586+0000] {logging_mixin.py:188} WARNING - /home/airflow/.local/lib/python3.12/site-packages/airflow/task/task_runner/standard_task_runner.py:61 DeprecationWarning: This process (pid=238) is multi-threaded, use of fork() may lead to deadlocks in the child.
[2026-09-14T17:38:42.588+0000] {standard_task_runner.py:91} INFO - Job 16: Subtask top_addresses
[2026-09-14T17:38:42.588+0000] {standard_task_runner.py:63} INFO - Started process 239 to run task
[2026-09-14T17:38:42.640+0000] {task_command.py:426} INFO - Running <TaskInstance: fraud_pipeline.top_addresses manual__2026-09-14T17:38:28.771771+00:00 [running]> on host 3434fbcb9640
[2026-09-14T17:38:42.731+0000] {taskinstance.py:2644} INFO - Exporting env vars: AIRFLOW_CTX_DAG_OWNER='airflow' AIRFLOW_CTX_DAG_ID='fraud_pipeline' AIRFLOW_CTX_TASK_ID='top_addresses' AIRFLOW_CTX_EXECUTION_DATE='2026-09-14T17:38:28.771771+00:00' AIRFLOW_CTX_TRY_NUMBER='1' AIRFLOW_CTX_DAG_RUN_ID='manual__2026-09-14T17:38:28.771771+00:00'
[2026-09-14T17:38:42.732+0000] {taskinstance.py:430} INFO - ::endgroup::
[2026-09-14T17:38:44.133+0000] {logging_mixin.py:188} INFO - 2026-09-14 17:38:44 [INFO] src.transformation.top_addresses — 1,048,574 registros lidos da camada Silver.
[2026-09-14T17:38:44.133+0000] {top_addresses.py:13} INFO - 1,048,574 registros lidos da camada Silver.
[2026-09-14T17:38:44.283+0000] {logging_mixin.py:188} INFO - 2026-09-14 17:38:44 [INFO] src.transformation.top_addresses — 332,280 registros usados no cálculo.
[2026-09-14T17:38:44.283+0000] {top_addresses.py:29} INFO - 332,280 registros usados no cálculo.
[2026-09-14T17:38:44.481+0000] {logging_mixin.py:188} INFO - 2026-09-14 17:38:44 [INFO] src.transformation.top_addresses — Salvo em: s3://gold/top_addresses.parquet
[2026-09-14T17:38:44.481+0000] {top_addresses.py:49} INFO - Salvo em: s3://gold/top_addresses.parquet
[2026-09-14T17:38:44.495+0000] {python.py:237} INFO - Done. Returned value was: None
[2026-09-14T17:38:44.496+0000] {taskinstance.py:441} INFO - ::group::Post task execution logs
[2026-09-14T17:38:44.507+0000] {taskinstance.py:1205} INFO - Marking task as SUCCESS. dag_id=fraud_pipeline, task_id=top_addresses, execution_date=20260914T173828, start_date=20260914T173842, end_date=20260914T173844
[2026-09-14T17:38:44.573+0000] {local_task_job_runner.py:240} INFO - Task exited with return code 0
[2026-09-14T17:38:44.590+0000] {taskinstance.py:3482} INFO - 0 downstream tasks scheduled from follow-on schedule check
[2026-09-14T17:38:44.592+0000] {local_task_job_runner.py:222} INFO - ::endgroup::
