[2026-09-14T17:38:42.530+0000] {local_task_job_runner.py:120} INFO - ::group::Pre task execution logs
[2026-09-14T17:38:42.561+0000] {taskinstance.py:2073} INFO - Dependencies all met for dep_context=non-requeueable deps ti=<TaskInstance: fraud_pipeline.risk_region manual__2026-09-14T17:38:28.771771+00:00 [queued]>
[2026-09-14T17:38:42.570+0000] {taskinstance.py:2073} INFO - Dependencies all met for dep_context=requeueable deps ti=<TaskInstance: fraud_pipeline.risk_region manual__2026-09-14T17:38:28.771771+00:00 [queued]>
[2026-09-14T17:38:42.571+0000] {taskinstance.py:2303} INFO - Starting attempt 1 of 1
[2026-09-14T17:38:42.582+0000] {taskinstance.py:2327} INFO - Executing <Task(_PythonDecoratedOperator): risk_region> on 2026-09-14 17:38:28.771771+00:00
[2026-09-14T17:38:42.590+0000] {standard_task_runner.py:90} INFO - Running: ['airflow', 'tasks', 'run', 'fraud_pipeline', 'risk_region', 'manual__2026-09-14T17:38:28.771771+00:00', '--job-id', '17', '--raw', '--subdir', 'DAGS_FOLDER/fraud_pipeline_dag.py', '--cfg-path', '/tmp/tmpjfpb98i_']
[2026-09-14T17:38:42.592+0000] {standard_task_runner.py:91} INFO - Job 17: Subtask risk_region
[2026-09-14T17:38:42.593+0000] {logging_mixin.py:188} WARNING - /home/airflow/.local/lib/python3.12/site-packages/airflow/task/task_runner/standard_task_runner.py:61 DeprecationWarning: This process (pid=237) is multi-threaded, use of fork() may lead to deadlocks in the child.
[2026-09-14T17:38:42.594+0000] {standard_task_runner.py:63} INFO - Started process 240 to run task
[2026-09-14T17:38:42.648+0000] {task_command.py:426} INFO - Running <TaskInstance: fraud_pipeline.risk_region manual__2026-09-14T17:38:28.771771+00:00 [running]> on host 3434fbcb9640
[2026-09-14T17:38:42.735+0000] {taskinstance.py:2644} INFO - Exporting env vars: AIRFLOW_CTX_DAG_OWNER='airflow' AIRFLOW_CTX_DAG_ID='fraud_pipeline' AIRFLOW_CTX_TASK_ID='risk_region' AIRFLOW_CTX_EXECUTION_DATE='2026-09-14T17:38:28.771771+00:00' AIRFLOW_CTX_TRY_NUMBER='1' AIRFLOW_CTX_DAG_RUN_ID='manual__2026-09-14T17:38:28.771771+00:00'
[2026-09-14T17:38:42.735+0000] {taskinstance.py:430} INFO - ::endgroup::
[2026-09-14T17:38:44.136+0000] {logging_mixin.py:188} INFO - 2026-09-14 17:38:44 [INFO] src.transformation.risk_region — 1,048,574 registros lidos da camada Silver.
[2026-09-14T17:38:44.136+0000] {risk_region.py:13} INFO - 1,048,574 registros lidos da camada Silver.
[2026-09-14T17:38:44.341+0000] {logging_mixin.py:188} INFO - 2026-09-14 17:38:44 [INFO] src.transformation.risk_region — 1,037,118 registros usados no cálculo.
[2026-09-14T17:38:44.341+0000] {risk_region.py:30} INFO - 1,037,118 registros usados no cálculo.
[2026-09-14T17:38:44.464+0000] {logging_mixin.py:188} INFO - 2026-09-14 17:38:44 [INFO] src.transformation.risk_region — Salvo em: s3://gold/risk_region.parquet
[2026-09-14T17:38:44.463+0000] {risk_region.py:54} INFO - Salvo em: s3://gold/risk_region.parquet
[2026-09-14T17:38:44.482+0000] {python.py:237} INFO - Done. Returned value was: None
[2026-09-14T17:38:44.489+0000] {taskinstance.py:441} INFO - ::group::Post task execution logs
[2026-09-14T17:38:44.501+0000] {taskinstance.py:1205} INFO - Marking task as SUCCESS. dag_id=fraud_pipeline, task_id=risk_region, execution_date=20260914T173828, start_date=20260914T173842, end_date=20260914T173844
[2026-09-14T17:38:44.580+0000] {local_task_job_runner.py:240} INFO - Task exited with return code 0
[2026-09-14T17:38:44.600+0000] {taskinstance.py:3482} INFO - 0 downstream tasks scheduled from follow-on schedule check
[2026-09-14T17:38:44.602+0000] {local_task_job_runner.py:222} INFO - ::endgroup::
