[2026-09-16T00:07:42.537+0000] {local_task_job_runner.py:120} INFO - ::group::Pre task execution logs
[2026-09-16T00:07:42.565+0000] {taskinstance.py:2073} INFO - Dependencies all met for dep_context=non-requeueable deps ti=<TaskInstance: fraud_pipeline.top_addresses manual__2026-09-16T00:06:40.681637+00:00 [queued]>
[2026-09-16T00:07:42.573+0000] {taskinstance.py:2073} INFO - Dependencies all met for dep_context=requeueable deps ti=<TaskInstance: fraud_pipeline.top_addresses manual__2026-09-16T00:06:40.681637+00:00 [queued]>
[2026-09-16T00:07:42.574+0000] {taskinstance.py:2303} INFO - Starting attempt 1 of 1
[2026-09-16T00:07:42.589+0000] {taskinstance.py:2327} INFO - Executing <Task(_PythonDecoratedOperator): top_addresses> on 2026-09-16 00:06:40.681637+00:00
[2026-09-16T00:07:42.601+0000] {standard_task_runner.py:90} INFO - Running: ['airflow', 'tasks', 'run', 'fraud_pipeline', 'top_addresses', 'manual__2026-09-16T00:06:40.681637+00:00', '--job-id', '15', '--raw', '--subdir', 'DAGS_FOLDER/fraud_pipeline_dag.py', '--cfg-path', '/tmp/tmpgmkiympe']
[2026-09-16T00:07:42.604+0000] {logging_mixin.py:188} WARNING - /home/airflow/.local/lib/python3.12/site-packages/airflow/task/task_runner/standard_task_runner.py:61 DeprecationWarning: This process (pid=846) is multi-threaded, use of fork() may lead to deadlocks in the child.
[2026-09-16T00:07:42.605+0000] {standard_task_runner.py:91} INFO - Job 15: Subtask top_addresses
[2026-09-16T00:07:42.605+0000] {standard_task_runner.py:63} INFO - Started process 849 to run task
[2026-09-16T00:07:42.664+0000] {task_command.py:426} INFO - Running <TaskInstance: fraud_pipeline.top_addresses manual__2026-09-16T00:06:40.681637+00:00 [running]> on host ee710257c3c3
[2026-09-16T00:07:42.760+0000] {taskinstance.py:2644} INFO - Exporting env vars: AIRFLOW_CTX_DAG_OWNER='airflow' AIRFLOW_CTX_DAG_ID='fraud_pipeline' AIRFLOW_CTX_TASK_ID='top_addresses' AIRFLOW_CTX_EXECUTION_DATE='2026-09-16T00:06:40.681637+00:00' AIRFLOW_CTX_TRY_NUMBER='1' AIRFLOW_CTX_DAG_RUN_ID='manual__2026-09-16T00:06:40.681637+00:00'
[2026-09-16T00:07:42.763+0000] {taskinstance.py:430} INFO - ::endgroup::
[2026-09-16T00:07:52.699+0000] {logging_mixin.py:188} INFO - 2026-09-16 00:07:52 [INFO] src.transformation.top_addresses — 1,048,574 registros lidos da camada Silver.
[2026-09-16T00:07:52.699+0000] {top_addresses.py:45} INFO - 1,048,574 registros lidos da camada Silver.
[2026-09-16T00:08:00.826+0000] {logging_mixin.py:188} INFO - 2026-09-16 00:08:00 [INFO] src.transformation.top_addresses — Salvo em: s3a://gold/top_addresses.parquet
[2026-09-16T00:08:00.823+0000] {top_addresses.py:51} INFO - Salvo em: s3a://gold/top_addresses.parquet
[2026-09-16T00:08:02.695+0000] {logging_mixin.py:188} INFO - 2026-09-16 00:08:02 [INFO] src.transformation.top_addresses — Top 3 endereços receptores:
[2026-09-16T00:08:02.695+0000] {top_addresses.py:54} INFO - Top 3 endereços receptores:
[2026-09-16T00:08:02.701+0000] {logging_mixin.py:188} INFO - 2026-09-16 00:08:02 [INFO] src.transformation.top_addresses —   0xfe2650f030f2c966775e11009cb015e8852ecf4b | amount: 76,757.0 | timestamp: 2024-01-02 06:44:13
[2026-09-16T00:08:02.699+0000] {top_addresses.py:56} INFO -   0xfe2650f030f2c966775e11009cb015e8852ecf4b | amount: 76,757.0 | timestamp: 2024-01-02 06:44:13
[2026-09-16T00:08:02.704+0000] {logging_mixin.py:188} INFO - 2026-09-16 00:08:02 [INFO] src.transformation.top_addresses —   0xe37126a5b0724737b516b97d3fb92311021e235d | amount: 76,716.0 | timestamp: 2023-12-29 11:17:48
[2026-09-16T00:08:02.704+0000] {top_addresses.py:56} INFO -   0xe37126a5b0724737b516b97d3fb92311021e235d | amount: 76,716.0 | timestamp: 2023-12-29 11:17:48
[2026-09-16T00:08:02.705+0000] {logging_mixin.py:188} INFO - 2026-09-16 00:08:02 [INFO] src.transformation.top_addresses —   0x646142948a3add1d05edb7789d73a14ef261e109 | amount: 76,667.0 | timestamp: 2024-01-01 16:14:14
[2026-09-16T00:08:02.705+0000] {top_addresses.py:56} INFO -   0x646142948a3add1d05edb7789d73a14ef261e109 | amount: 76,667.0 | timestamp: 2024-01-01 16:14:14
[2026-09-16T00:08:02.707+0000] {python.py:237} INFO - Done. Returned value was: None
[2026-09-16T00:08:02.708+0000] {taskinstance.py:441} INFO - ::group::Post task execution logs
[2026-09-16T00:08:02.741+0000] {taskinstance.py:1205} INFO - Marking task as SUCCESS. dag_id=fraud_pipeline, task_id=top_addresses, execution_date=20260916T000640, start_date=20260916T000742, end_date=20260916T000802
[2026-09-16T00:08:02.802+0000] {local_task_job_runner.py:240} INFO - Task exited with return code 0
[2026-09-16T00:08:02.827+0000] {taskinstance.py:3482} INFO - 0 downstream tasks scheduled from follow-on schedule check
[2026-09-16T00:08:02.830+0000] {local_task_job_runner.py:222} INFO - ::endgroup::
