[2026-09-16T01:37:24.948+0000] {local_task_job_runner.py:120} INFO - ::group::Pre task execution logs
[2026-09-16T01:37:24.979+0000] {taskinstance.py:2073} INFO - Dependencies all met for dep_context=non-requeueable deps ti=<TaskInstance: fraud_pipeline.clean manual__2026-09-16T01:37:24.075190+00:00 [queued]>
[2026-09-16T01:37:24.986+0000] {taskinstance.py:2073} INFO - Dependencies all met for dep_context=requeueable deps ti=<TaskInstance: fraud_pipeline.clean manual__2026-09-16T01:37:24.075190+00:00 [queued]>
[2026-09-16T01:37:24.986+0000] {taskinstance.py:2303} INFO - Starting attempt 1 of 1
[2026-09-16T01:37:24.995+0000] {taskinstance.py:2327} INFO - Executing <Task(_PythonDecoratedOperator): clean> on 2026-09-16 01:37:24.075190+00:00
[2026-09-16T01:37:25.003+0000] {standard_task_runner.py:90} INFO - Running: ['airflow', 'tasks', 'run', 'fraud_pipeline', 'clean', 'manual__2026-09-16T01:37:24.075190+00:00', '--job-id', '17', '--raw', '--subdir', 'DAGS_FOLDER/fraud_pipeline_dag.py', '--cfg-path', '/tmp/tmpf557fkf1']
[2026-09-16T01:37:25.006+0000] {logging_mixin.py:188} WARNING - /home/airflow/.local/lib/python3.12/site-packages/airflow/task/task_runner/standard_task_runner.py:61 DeprecationWarning: This process (pid=178) is multi-threaded, use of fork() may lead to deadlocks in the child.
[2026-09-16T01:37:25.006+0000] {standard_task_runner.py:91} INFO - Job 17: Subtask clean
[2026-09-16T01:37:25.006+0000] {standard_task_runner.py:63} INFO - Started process 179 to run task
[2026-09-16T01:37:25.067+0000] {task_command.py:426} INFO - Running <TaskInstance: fraud_pipeline.clean manual__2026-09-16T01:37:24.075190+00:00 [running]> on host 93640fba8f1b
[2026-09-16T01:37:25.178+0000] {taskinstance.py:2644} INFO - Exporting env vars: AIRFLOW_CTX_DAG_OWNER='airflow' AIRFLOW_CTX_DAG_ID='fraud_pipeline' AIRFLOW_CTX_TASK_ID='clean' AIRFLOW_CTX_EXECUTION_DATE='2026-09-16T01:37:24.075190+00:00' AIRFLOW_CTX_TRY_NUMBER='1' AIRFLOW_CTX_DAG_RUN_ID='manual__2026-09-16T01:37:24.075190+00:00'
[2026-09-16T01:37:25.179+0000] {taskinstance.py:430} INFO - ::endgroup::
[2026-09-16T01:37:25.378+0000] {logging_mixin.py:188} INFO - 2026-09-16 01:37:25 [INFO] src.cleaning.clean — Extraindo df_fraud_credit.zip...
[2026-09-16T01:37:25.378+0000] {clean.py:17} INFO - Extraindo df_fraud_credit.zip...
[2026-09-16T01:37:27.658+0000] {logging_mixin.py:188} INFO - 2026-09-16 01:37:27 [INFO] src.cleaning.clean — Arquivo(s) extraído(s): df_fraud_credit.csv
[2026-09-16T01:37:27.658+0000] {clean.py:33} INFO - Arquivo(s) extraído(s): df_fraud_credit.csv
[2026-09-16T01:37:27.659+0000] {logging_mixin.py:188} INFO - 2026-09-16 01:37:27 [INFO] src.cleaning.clean — Extração concluída.
[2026-09-16T01:37:27.659+0000] {clean.py:34} INFO - Extração concluída.
[2026-09-16T01:37:36.819+0000] {logging_mixin.py:188} INFO - 2026-09-16 01:37:36 [INFO] src.cleaning.clean — 1,048,575 registros carregados.
[2026-09-16T01:37:36.818+0000] {clean.py:108} INFO - 1,048,575 registros carregados.
[2026-09-16T01:37:37.966+0000] {logging_mixin.py:188} INFO - 2026-09-16 01:37:37 [INFO] src.cleaning.clean — dq_flag_amount:     5,641 registros
[2026-09-16T01:37:37.966+0000] {clean.py:118} INFO - dq_flag_amount:     5,641 registros
[2026-09-16T01:37:37.967+0000] {logging_mixin.py:188} INFO - 2026-09-16 01:37:37 [INFO] src.cleaning.clean — dq_flag_risk_score: 5,695 registros
[2026-09-16T01:37:37.967+0000] {clean.py:119} INFO - dq_flag_risk_score: 5,695 registros
[2026-09-16T01:37:37.967+0000] {logging_mixin.py:188} INFO - 2026-09-16 01:37:37 [INFO] src.cleaning.clean — dq_flag_region:     5,795 registros
[2026-09-16T01:37:37.967+0000] {clean.py:120} INFO - dq_flag_region:     5,795 registros
[2026-09-16T01:37:40.983+0000] {logging_mixin.py:188} INFO - 2026-09-16 01:37:40 [INFO] src.cleaning.clean — 1 duplicata(s) removida(s). 1,048,574 registros salvos.
[2026-09-16T01:37:40.983+0000] {clean.py:126} INFO - 1 duplicata(s) removida(s). 1,048,574 registros salvos.
[2026-09-16T01:37:51.311+0000] {logging_mixin.py:188} INFO - 2026-09-16 01:37:51 [INFO] src.cleaning.clean — Salvo em: s3a://silver/transactions_clean.parquet
[2026-09-16T01:37:51.311+0000] {clean.py:129} INFO - Salvo em: s3a://silver/transactions_clean.parquet
[2026-09-16T01:37:51.314+0000] {python.py:237} INFO - Done. Returned value was: None
[2026-09-16T01:37:51.314+0000] {taskinstance.py:441} INFO - ::group::Post task execution logs
[2026-09-16T01:37:51.334+0000] {taskinstance.py:1205} INFO - Marking task as SUCCESS. dag_id=fraud_pipeline, task_id=clean, execution_date=20260916T013724, start_date=20260916T013724, end_date=20260916T013751
[2026-09-16T01:37:51.382+0000] {local_task_job_runner.py:240} INFO - Task exited with return code 0
[2026-09-16T01:37:51.411+0000] {taskinstance.py:3482} INFO - 1 downstream tasks scheduled from follow-on schedule check
[2026-09-16T01:37:51.414+0000] {local_task_job_runner.py:222} INFO - ::endgroup::
