[2026-09-16T00:07:42.526+0000] {local_task_job_runner.py:120} INFO - ::group::Pre task execution logs
[2026-09-16T00:07:42.556+0000] {taskinstance.py:2073} INFO - Dependencies all met for dep_context=non-requeueable deps ti=<TaskInstance: fraud_pipeline.risk_region manual__2026-09-16T00:06:40.681637+00:00 [queued]>
[2026-09-16T00:07:42.563+0000] {taskinstance.py:2073} INFO - Dependencies all met for dep_context=requeueable deps ti=<TaskInstance: fraud_pipeline.risk_region manual__2026-09-16T00:06:40.681637+00:00 [queued]>
[2026-09-16T00:07:42.563+0000] {taskinstance.py:2303} INFO - Starting attempt 1 of 1
[2026-09-16T00:07:42.577+0000] {taskinstance.py:2327} INFO - Executing <Task(_PythonDecoratedOperator): risk_region> on 2026-09-16 00:06:40.681637+00:00
[2026-09-16T00:07:42.585+0000] {standard_task_runner.py:90} INFO - Running: ['airflow', 'tasks', 'run', 'fraud_pipeline', 'risk_region', 'manual__2026-09-16T00:06:40.681637+00:00', '--job-id', '14', '--raw', '--subdir', 'DAGS_FOLDER/fraud_pipeline_dag.py', '--cfg-path', '/tmp/tmphewqxsj0']
[2026-09-16T00:07:42.587+0000] {logging_mixin.py:188} WARNING - /home/airflow/.local/lib/python3.12/site-packages/airflow/task/task_runner/standard_task_runner.py:61 DeprecationWarning: This process (pid=847) is multi-threaded, use of fork() may lead to deadlocks in the child.
[2026-09-16T00:07:42.587+0000] {standard_task_runner.py:91} INFO - Job 14: Subtask risk_region
[2026-09-16T00:07:42.587+0000] {standard_task_runner.py:63} INFO - Started process 848 to run task
[2026-09-16T00:07:42.646+0000] {task_command.py:426} INFO - Running <TaskInstance: fraud_pipeline.risk_region manual__2026-09-16T00:06:40.681637+00:00 [running]> on host ee710257c3c3
[2026-09-16T00:07:42.738+0000] {taskinstance.py:2644} INFO - Exporting env vars: AIRFLOW_CTX_DAG_OWNER='airflow' AIRFLOW_CTX_DAG_ID='fraud_pipeline' AIRFLOW_CTX_TASK_ID='risk_region' AIRFLOW_CTX_EXECUTION_DATE='2026-09-16T00:06:40.681637+00:00' AIRFLOW_CTX_TRY_NUMBER='1' AIRFLOW_CTX_DAG_RUN_ID='manual__2026-09-16T00:06:40.681637+00:00'
[2026-09-16T00:07:42.739+0000] {taskinstance.py:430} INFO - ::endgroup::
[2026-09-16T00:07:53.236+0000] {logging_mixin.py:188} INFO - 2026-09-16 00:07:53 [INFO] src.transformation.risk_region — 1,048,574 registros lidos da camada Silver.
[2026-09-16T00:07:53.236+0000] {risk_region.py:29} INFO - 1,048,574 registros lidos da camada Silver.
[2026-09-16T00:07:59.678+0000] {logging_mixin.py:188} INFO - 2026-09-16 00:07:59 [INFO] src.transformation.risk_region — Salvo em: s3a://gold/risk_region.parquet
[2026-09-16T00:07:59.676+0000] {risk_region.py:35} INFO - Salvo em: s3a://gold/risk_region.parquet
[2026-09-16T00:08:00.867+0000] {logging_mixin.py:188} INFO - 2026-09-16 00:08:00 [INFO] src.transformation.risk_region — Resultado risk_region (5 regiões):
[2026-09-16T00:08:00.867+0000] {risk_region.py:38} INFO - Resultado risk_region (5 regiões):
[2026-09-16T00:08:00.869+0000] {logging_mixin.py:188} INFO - 2026-09-16 00:08:00 [INFO] src.transformation.risk_region —   North America         avg_risk_score: 45.1597
[2026-09-16T00:08:00.869+0000] {risk_region.py:40} INFO -   North America         avg_risk_score: 45.1597
[2026-09-16T00:08:00.871+0000] {logging_mixin.py:188} INFO - 2026-09-16 00:08:00 [INFO] src.transformation.risk_region —   South America         avg_risk_score: 45.1353
[2026-09-16T00:08:00.871+0000] {risk_region.py:40} INFO -   South America         avg_risk_score: 45.1353
[2026-09-16T00:08:00.872+0000] {logging_mixin.py:188} INFO - 2026-09-16 00:08:00 [INFO] src.transformation.risk_region —   Asia                  avg_risk_score: 44.9929
[2026-09-16T00:08:00.872+0000] {risk_region.py:40} INFO -   Asia                  avg_risk_score: 44.9929
[2026-09-16T00:08:00.873+0000] {logging_mixin.py:188} INFO - 2026-09-16 00:08:00 [INFO] src.transformation.risk_region —   Africa                avg_risk_score: 44.9039
[2026-09-16T00:08:00.873+0000] {risk_region.py:40} INFO -   Africa                avg_risk_score: 44.9039
[2026-09-16T00:08:00.874+0000] {logging_mixin.py:188} INFO - 2026-09-16 00:08:00 [INFO] src.transformation.risk_region —   Europe                avg_risk_score: 44.6032
[2026-09-16T00:08:00.874+0000] {risk_region.py:40} INFO -   Europe                avg_risk_score: 44.6032
[2026-09-16T00:08:00.875+0000] {python.py:237} INFO - Done. Returned value was: None
[2026-09-16T00:08:00.876+0000] {taskinstance.py:441} INFO - ::group::Post task execution logs
[2026-09-16T00:08:00.926+0000] {taskinstance.py:1205} INFO - Marking task as SUCCESS. dag_id=fraud_pipeline, task_id=risk_region, execution_date=20260916T000640, start_date=20260916T000742, end_date=20260916T000800
[2026-09-16T00:08:00.966+0000] {local_task_job_runner.py:240} INFO - Task exited with return code 0
[2026-09-16T00:08:01.027+0000] {taskinstance.py:3482} INFO - 0 downstream tasks scheduled from follow-on schedule check
[2026-09-16T00:08:01.032+0000] {local_task_job_runner.py:222} INFO - ::endgroup::
